[    0.000000] Initializing cgroup subsys cpuset
[    0.000000] Initializing cgroup subsys cpu
[    0.000000] Initializing cgroup subsys cpuacct
[    0.000000] Linux version 4.4.0-210-generic (buildd@lgw01-amd64-009) (gcc version 5.4.0 20160609 (Ubuntu 5.4.0-6ubuntu1~16.04.12) ) #242-Ubuntu SMP Fri Apr 16 09:57:56 UTC 2021 (Ubuntu 4.4.0-210.242-generic 4.4.262)
[    0.000000] Command line: BOOT_IMAGE=/boot/vmlinuz-4.4.0-210-generic root=LABEL=cloudimg-rootfs ro console=tty1 console=ttyS0
[    0.000000] KERNEL supported cpus:
[    0.000000]   Intel GenuineIntel
[    0.000000]   AMD AuthenticAMD
[    0.000000]   Centaur CentaurHauls
[    0.000000] x86/fpu: xstate_offset[2]:  576, xstate_sizes[2]:  256
[    0.000000] x86/fpu: Supporting XSAVE feature 0x01: 'x87 floating point registers'
[    0.000000] x86/fpu: Supporting XSAVE feature 0x02: 'SSE registers'
[    0.000000] x86/fpu: Supporting XSAVE feature 0x04: 'AVX registers'
[    0.000000] x86/fpu: Enabled xstate features 0x7, context size is 832 bytes, using 'standard' format.
[    0.000000] e820: BIOS-provided physical RAM map:
[    0.000000] BIOS-e820: [mem 0x0000000000000000-0x000000000009fbff] usable
[    0.000000] BIOS-e820: [mem 0x000000000009fc00-0x000000000009ffff] reserved
[    0.000000] BIOS-e820: [mem 0x00000000000f0000-0x00000000000fffff] reserved
[    0.000000] BIOS-e820: [mem 0x0000000000100000-0x000000007ffeffff] usable
[    0.000000] BIOS-e820: [mem 0x000000007fff0000-0x000000007fffffff] ACPI data
[    0.000000] BIOS-e820: [mem 0x00000000fec00000-0x00000000fec00fff] reserved
[    0.000000] BIOS-e820: [mem 0x00000000fee00000-0x00000000fee00fff] reserved
[    0.000000] BIOS-e820: [mem 0x00000000fffc0000-0x00000000ffffffff] reserved
[    0.000000] NX (Execute Disable) protection: active
[    0.000000] SMBIOS 2.5 present.
[    0.000000] Hypervisor detected: KVM
[    0.000000] e820: last_pfn = 0x7fff0 max_arch_pfn = 0x400000000
[    0.000000] MTRR: Disabled
[    0.000000] x86/PAT: MTRRs disabled, skipping PAT initialization too.
[    0.000000] CPU MTRRs all blank - virtualized system.
[    0.000000] x86/PAT: Configuration [0-7]: WB  WT  UC- UC  WB  WT  UC- UC  
[    0.000000] found SMP MP-table at [mem 0x0009fff0-0x0009ffff] mapped at [ffff88000009fff0]
[    0.000000] Scanning 1 areas for low memory corruption
[    0.000000] RAMDISK: [mem 0x362dc000-0x37165fff]
[    0.000000] ACPI: Early table checksum verification disabled
[    0.000000] ACPI: RSDP 0x00000000000E0000 000024 (v02 VBOX  )
[    0.000000] ACPI: XSDT 0x000000007FFF0030 00003C (v01 VBOX   VBOXXSDT 00000001 ASL  00000061)
[    0.000000] ACPI: FACP 0x000000007FFF00F0 0000F4 (v04 VBOX   VBOXFACP 00000001 ASL  00000061)
[    0.000000] ACPI: DSDT 0x000000007FFF0470 002325 (v02 VBOX   VBOXBIOS 00000002 INTL 20100528)
[    0.000000] ACPI: FACS 0x000000007FFF0200 000040
[    0.000000] ACPI: FACS 0x000000007FFF0200 000040
[    0.000000] ACPI: APIC 0x000000007FFF0240 00005C (v02 VBOX   VBOXAPIC 00000001 ASL  00000061)
[    0.000000] ACPI: SSDT 0x000000007FFF02A0 0001CC (v01 VBOX   VBOXCPUT 00000002 INTL 20100528)
[    0.000000] No NUMA configuration found
[    0.000000] Faking a node at [mem 0x0000000000000000-0x000000007ffeffff]
[    0.000000] NODE_DATA(0) allocated [mem 0x7ffeb000-0x7ffeffff]
[    0.000000] kvm-clock: Using msrs 4b564d01 and 4b564d00
[    0.000000] kvm-clock: cpu 0, msr 0:7ffe3001, primary cpu clock
[    0.000000] kvm-clock: using sched offset of 7994475601 cycles
[    0.000000] clocksource: kvm-clock: mask: 0xffffffffffffffff max_cycles: 0x1cd42e4dffb, max_idle_ns: 881590591483 ns
[    0.000000] Zone ranges:
[    0.000000]   DMA      [mem 0x0000000000001000-0x0000000000ffffff]
[    0.000000]   DMA32    [mem 0x0000000001000000-0x000000007ffeffff]
[    0.000000]   Normal   empty
[    0.000000]   Device   empty
[    0.000000] Movable zone start for each node
[    0.000000] Early memory node ranges
[    0.000000]   node   0: [mem 0x0000000000001000-0x000000000009efff]
[    0.000000]   node   0: [mem 0x0000000000100000-0x000000007ffeffff]
[    0.000000] Initmem setup node 0 [mem 0x0000000000001000-0x000000007ffeffff]
[    0.000000] ACPI: PM-Timer IO Port: 0x4008
[    0.000000] IOAPIC[0]: apic_id 2, version 32, address 0xfec00000, GSI 0-23
[    0.000000] ACPI: INT_SRC_OVR (bus 0 bus_irq 0 global_irq 2 dfl dfl)
[    0.000000] ACPI: INT_SRC_OVR (bus 0 bus_irq 9 global_irq 9 low level)
[    0.000000] Using ACPI (MADT) for SMP configuration information
[    0.000000] smpboot: Allowing 2 CPUs, 0 hotplug CPUs
[    0.000000] PM: Registered nosave memory: [mem 0x00000000-0x00000fff]
[    0.000000] PM: Registered nosave memory: [mem 0x0009f000-0x0009ffff]
[    0.000000] PM: Registered nosave memory: [mem 0x000a0000-0x000effff]
[    0.000000] PM: Registered nosave memory: [mem 0x000f0000-0x000fffff]
[    0.000000] e820: [mem 0x80000000-0xfebfffff] available for PCI devices
[    0.000000] Booting paravirtualized kernel on KVM
[    0.000000] clocksource: refined-jiffies: mask: 0xffffffff max_cycles: 0xffffffff, max_idle_ns: 7645519600211568 ns
[    0.000000] setup_percpu: NR_CPUS:512 nr_cpumask_bits:512 nr_cpu_ids:2 nr_node_ids:1
[    0.000000] PERCPU: Embedded 33 pages/cpu @ffff88007fc00000 s95192 r8192 d31784 u1048576
[    0.000000] Built 1 zonelists in Node order, mobility grouping on.  Total pages: 515960
[    0.000000] Policy zone: DMA32
[    0.000000] Kernel command line: BOOT_IMAGE=/boot/vmlinuz-4.4.0-210-generic root=LABEL=cloudimg-rootfs ro console=tty1 console=ttyS0
[    0.000000] PID hash table entries: 4096 (order: 3, 32768 bytes)
[    0.000000] Memory: 2029984K/2096696K available (8644K kernel code, 1332K rwdata, 4044K rodata, 1492K init, 1164K bss, 66712K reserved, 0K cma-reserved)
[    0.000000] SLUB: HWalign=64, Order=0-3, MinObjects=0, CPUs=2, Nodes=1
[    0.000000] Kernel/User page tables isolation: enabled
[    0.000000] Hierarchical RCU implementation.
[    0.000000] 	Build-time adjustment of leaf fanout to 64.
[    0.000000] 	RCU restricting CPUs from NR_CPUS=512 to nr_cpu_ids=2.
[    0.000000] RCU: Adjusting geometry for rcu_fanout_leaf=64, nr_cpu_ids=2
[    0.000000] NR_IRQS:33024 nr_irqs:440 16
[    0.000000] Console: colour VGA+ 80x25
[    0.000000] console [tty1] enabled
[    0.000000] console [ttyS0] enabled
[    0.000000] tsc: Detected 2100.000 MHz processor
[    2.051228] Calibrating delay loop (skipped) preset value.. 4200.00 BogoMIPS (lpj=8400000)
[    2.078500] pid_max: default: 32768 minimum: 301
[    2.093670] ACPI: Core revision 20150930
[    2.109218] ACPI: 2 ACPI AML tables successfully acquired and loaded
[    2.132467] Security Framework initialized
[    2.146647] Yama: becoming mindful.
[    2.159879] AppArmor: AppArmor initialized
[    2.176344] Dentry cache hash table entries: 262144 (order: 9, 2097152 bytes)
[    2.198759] Inode-cache hash table entries: 131072 (order: 8, 1048576 bytes)
[    2.221176] Mount-cache hash table entries: 4096 (order: 3, 32768 bytes)
[    2.241065] Mountpoint-cache hash table entries: 4096 (order: 3, 32768 bytes)
[    2.262355] Initializing cgroup subsys io
[    2.276187] Initializing cgroup subsys memory
[    2.290737] Initializing cgroup subsys devices
[    2.305385] Initializing cgroup subsys freezer
[    2.320363] Initializing cgroup subsys net_cls
[    2.335001] Initializing cgroup subsys perf_event
[    2.350299] Initializing cgroup subsys net_prio
[    2.365393] Initializing cgroup subsys hugetlb
[    2.380282] Initializing cgroup subsys pids
[    2.396984] mce: CPU supports 0 MCE banks
[    2.411202] Last level iTLB entries: 4KB 512, 2MB 8, 4MB 8
[    2.428574] Last level dTLB entries: 4KB 512, 2MB 0, 4MB 0, 1GB 4
[    2.448916] Spectre V1 : Mitigation: usercopy/swapgs barriers and __user pointer sanitization
[    2.477276] Spectre V2 : Mitigation: Full generic retpoline
[    2.495027] Spectre V2 : Spectre v2 / SpectreRSB mitigation: Filling RSB on context switch
[    2.522569] Speculative Store Bypass: Vulnerable
[    2.539983] MDS: Mitigation: Clear CPU buffers
[    2.627174] Freeing SMP alternatives memory: 36K
[    2.789614] ftrace: allocating 32380 entries in 127 pages
[    3.803503] smpboot: APIC(0) Converting physical 0 to logical package 0
[    3.823297] smpboot: Max logical packages: 1
[    3.842468] x2apic enabled
[    3.857509] Switched APIC routing to physical x2apic.
[    3.892605] ..TIMER: vector=0x30 apic1=0 pin1=2 apic2=-1 pin2=-1
[    4.019999] smpboot: CPU0: Intel(R) Xeon(R) CPU E5-2620 v2 @ 2.10GHz (family: 0x6, model: 0x3e, stepping: 0x4)
[    4.056182] Performance Events: unsupported p6 CPU model 62 no PMU driver, software events only.
[    4.243509] KVM setup paravirtual spinlock
[    4.260467] x86: Booting SMP configuration:
[    4.274490] .... node  #0, CPUs:      #1
[    4.290797] kvm-clock: cpu 1, msr 0:7ffe3041, secondary cpu clock
[    4.305502] mce: CPU supports 0 MCE banks
[    4.315044] x86: Booted up 1 node, 2 CPUs
[    4.332242] smpboot: Total of 2 processors activated (8400.00 BogoMIPS)
[    4.357968] devtmpfs: initialized
[    4.372727] evm: security.selinux
[    4.384905] evm: security.SMACK64
[    4.397025] evm: security.SMACK64EXEC
[    4.410007] evm: security.SMACK64TRANSMUTE
[    4.423685] evm: security.SMACK64MMAP
[    4.436498] evm: security.ima
[    4.447793] evm: security.capability
[    4.461084] clocksource: jiffies: mask: 0xffffffff max_cycles: 0xffffffff, max_idle_ns: 7645041785100000 ns
[    4.491525] futex hash table entries: 512 (order: 3, 32768 bytes)
[    4.510409] pinctrl core: initialized pinctrl subsystem
[    4.527655] RTC time: 15:37:46, date: 05/23/22
[    4.543011] NET: Registered protocol family 16
[    4.567945] cpuidle: using governor ladder
[    4.591799] cpuidle: using governor menu
[    4.605220] PCCT header not found.
[    4.617593] ACPI: bus type PCI registered
[    4.631434] acpiphp: ACPI Hot Plug PCI Controller Driver version: 0.5
[    4.651518] PCI: Using configuration type 1 for base access
[    4.681964] ACPI: Added _OSI(Module Device)
[    4.696185] ACPI: Added _OSI(Processor Device)
[    4.710708] ACPI: Added _OSI(3.0 _SCP Extensions)
[    4.725837] ACPI: Added _OSI(Processor Aggregator Device)
[    4.745970] ACPI: Executed 1 blocks of module-level executable AML code
[    4.774254] ACPI: Interpreter enabled
[    4.787155] ACPI: (supports S0 S5)
[    4.799491] ACPI: Using IOAPIC for interrupt routing
[    4.815993] PCI: Using host bridge windows from ACPI; if necessary, use "pci=nocrs" and report a bug
[    4.861457] ACPI: PCI Root Bridge [PCI0] (domain 0000 [bus 00-ff])
[    4.879781] acpi PNP0A03:00: _OSC: OS supports [ASPM ClockPM Segments MSI]
[    4.901477] acpi PNP0A03:00: _OSC: not requesting OS control; OS requires [ExtendedConfig ASPM ClockPM MSI]
[    4.931845] acpi PNP0A03:00: fail to add MMCONFIG information, can't access extended PCI configuration space under this bridge.
[    4.968030] PCI host bridge to bus 0000:00
[    4.981868] pci_bus 0000:00: root bus resource [io  0x0000-0x0cf7 window]
[    5.001754] pci_bus 0000:00: root bus resource [io  0x0d00-0xffff window]
[    5.021604] pci_bus 0000:00: root bus resource [mem 0x000a0000-0x000bffff window]
[    5.046138] pci_bus 0000:00: root bus resource [mem 0x80000000-0xfdffffff window]
[    5.071081] pci_bus 0000:00: root bus resource [bus 00-ff]
[    5.112263] pci 0000:00:01.1: legacy IDE quirk: reg 0x10: [io  0x01f0-0x01f7]
[    5.132586] pci 0000:00:01.1: legacy IDE quirk: reg 0x14: [io  0x03f6]
[    5.152017] pci 0000:00:01.1: legacy IDE quirk: reg 0x18: [io  0x0170-0x0177]
[    5.172507] pci 0000:00:01.1: legacy IDE quirk: reg 0x1c: [io  0x0376]
[    5.517595] pci 0000:00:07.0: quirk: [io  0x4000-0x403f] claimed by PIIX4 ACPI
[    5.542582] pci 0000:00:07.0: quirk: [io  0x4100-0x410f] claimed by PIIX4 SMB
[    5.625860] ACPI: PCI Interrupt Link [LNKA] (IRQs 5 9 10 *11)
[    5.655255] ACPI: PCI Interrupt Link [LNKB] (IRQs 5 9 *10 11)
[    5.683023] ACPI: PCI Interrupt Link [LNKC] (IRQs 5 *9 10 11)
[    5.710700] ACPI: PCI Interrupt Link [LNKD] (IRQs 5 9 10 *11)
[    5.738501] ACPI: Enabled 2 GPEs in block 00 to 07
[    5.761222] vgaarb: setting as boot device: PCI:0000:00:02.0
[    5.778702] vgaarb: device added: PCI:0000:00:02.0,decodes=io+mem,owns=io+mem,locks=none
[    5.805209] vgaarb: loaded
[    5.816071] vgaarb: bridge control possible 0000:00:02.0
[    5.834003] SCSI subsystem initialized
[    5.848174] ACPI: bus type USB registered
[    5.862243] usbcore: registered new interface driver usbfs
[    5.880016] usbcore: registered new interface driver hub
[    5.896510] usbcore: registered new device driver usb
[    5.914176] PCI: Using ACPI for IRQ routing
[    5.931427] NetLabel: Initializing
[    5.943717] NetLabel:  domain hash size = 128
[    5.958350] NetLabel:  protocols = UNLABELED CIPSOv4
[    5.974270] NetLabel:  unlabeled traffic allowed by default
[    5.992358] amd_nb: Cannot enumerate AMD northbridges
[    6.008655] clocksource: Switched to clocksource kvm-clock
[    6.045157] AppArmor: AppArmor Filesystem Enabled
[    6.060208] pnp: PnP ACPI init
[    6.076620] pnp: PnP ACPI: found 3 devices
[    6.134413] clocksource: acpi_pm: mask: 0xffffff max_cycles: 0xffffff, max_idle_ns: 2085701024 ns
[    6.171211] NET: Registered protocol family 2
[    6.192450] TCP established hash table entries: 16384 (order: 5, 131072 bytes)
[    6.223893] TCP bind hash table entries: 16384 (order: 6, 262144 bytes)
[    6.249050] TCP: Hash tables configured (established 16384 bind 16384)
[    6.273957] UDP hash table entries: 1024 (order: 3, 32768 bytes)
[    6.297266] UDP-Lite hash table entries: 1024 (order: 3, 32768 bytes)
[    6.322145] NET: Registered protocol family 1
[    6.341377] pci 0000:00:00.0: Limiting direct PCI/PCI transfers
[    6.365023] pci 0000:00:01.0: Activating ISA DMA hang workarounds
[    6.390886] Unpacking initramfs...
[    6.940554] Freeing initrd memory: 14888K
[    6.956074] RAPL PMU detected, API unit is 2^-32 Joules, 3 fixed counters 10737418240 ms ovfl timer
[    6.987410] hw unit of domain pp0-core 2^-0 Joules
[    7.004834] hw unit of domain package 2^-0 Joules
[    7.021973] hw unit of domain dram 2^-0 Joules
[    7.040062] clocksource: tsc: mask: 0xffffffffffffffff max_cycles: 0x1e4530a99b6, max_idle_ns: 440795257976 ns
[    7.075155] platform rtc_cmos: registered platform RTC device (no PNP device found)
[    7.103958] Scanning for low memory corruption every 60 seconds
[    7.126281] audit: initializing netlink subsys (disabled)
[    7.144705] audit: type=2000 audit(1653320274.298:1): initialized
[    7.165696] Initialise system trusted keyring
[    7.185594] HugeTLB registered 2 MB page size, pre-allocated 0 pages
[    7.215685] zbud: loaded
[    7.231292] VFS: Disk quotas dquot_6.6.0
[    7.249253] VFS: Dquot-cache hash table entries: 512 (order 0, 4096 bytes)
[    7.277095] squashfs: version 4.0 (2009/01/31) Phillip Lougher
[    7.302774] fuse init (API version 7.23)
[    7.321216] Key type big_key registered
[    7.338865] Allocating IMA MOK and blacklist keyrings.
[    7.374251] Key type asymmetric registered
[    7.392679] Asymmetric key parser 'x509' registered
[    7.411910] Block layer SCSI generic (bsg) driver version 0.4 loaded (major 249)
[    7.440030] io scheduler noop registered
[    7.457593] io scheduler deadline registered (default)
[    7.476053] io scheduler cfq registered
[    7.491946] pci_hotplug: PCI Hot Plug PCI Core version: 0.5
[    7.511202] pciehp: PCI Express Hot Plug Controller Driver version: 0.4
[    7.535305] ACPI: AC Adapter [AC] (on-line)
[    7.552533] input: Power Button as /devices/LNXSYSTM:00/LNXPWRBN:00/input/input0
[    7.584148] ACPI: Power Button [PWRF]
[    7.600925] input: Sleep Button as /devices/LNXSYSTM:00/LNXSLPBN:00/input/input1
[    7.630428] ACPI: Sleep Button [SLPF]
[    7.647699] GHES: HEST is not enabled!
[    7.664516] Serial: 8250/16550 driver, 32 ports, IRQ sharing enabled
[    7.723021] 00:02: ttyS0 at I/O 0x3f8 (irq = 4, base_baud = 115200) is a 16550A
[    7.756377] Linux agpgart interface v0.103
[    7.784405] loop: module loaded
[    7.803948] scsi host0: ata_piix
[    7.820161] scsi host1: ata_piix
[    7.835319] ata1: PATA max UDMA/33 cmd 0x1f0 ctl 0x3f6 bmdma 0xd000 irq 14
[    7.860531] ata2: PATA max UDMA/33 cmd 0x170 ctl 0x376 bmdma 0xd008 irq 15
[    7.888896] libphy: Fixed MDIO Bus: probed
[    7.907374] tun: Universal TUN/TAP device driver, 1.6
[    7.927939] tun: (C) 1999-2004 Max Krasnyansky <maxk@qualcomm.com>
[    7.950335] PPP generic driver version 2.4.2
[    7.967132] ehci_hcd: USB 2.0 'Enhanced' Host Controller (EHCI) Driver
[    7.988905] ehci-pci: EHCI PCI platform driver
[    8.006958] ehci-platform: EHCI generic platform driver
[    8.026578] ohci_hcd: USB 1.1 'Open' Host Controller (OHCI) Driver
[    8.046741] ohci-pci: OHCI PCI platform driver
[    8.119379] ohci-platform: OHCI generic platform driver
[    8.136362] uhci_hcd: USB Universal Host Controller Interface driver
[    8.158933] i8042: PNP: PS/2 Controller [PNP0303:PS2K,PNP0f03:PS2M] at 0x60,0x64 irq 1,12
[    8.201535] serio: i8042 KBD port at 0x60,0x64 irq 1
[    8.222499] serio: i8042 AUX port at 0x60,0x64 irq 12
[    8.244086] mousedev: PS/2 mouse device common for all mice
[    8.269898] input: AT Translated Set 2 keyboard as /devices/platform/i8042/serio0/input/input2
[    8.311847] rtc_cmos rtc_cmos: rtc core: registered rtc_cmos as rtc0
[    8.338915] rtc_cmos rtc_cmos: alarms up to one day, 114 bytes nvram
[    8.364419] i2c /dev entries driver
[    8.381464] device-mapper: uevent: version 1.0.3
[    8.402237] device-mapper: ioctl: 4.34.0-ioctl (2015-10-28) initialised: dm-devel@redhat.com
[    8.430990] ledtrig-cpu: registered to indicate activity on CPUs
[    8.453761] NET: Registered protocol family 10
[    8.471380] NET: Registered protocol family 17
[    8.486322] Key type dns_resolver registered
[    8.501572] registered taskstats version 1
[    8.515657] Loading compiled-in X.509 certificates
[    8.532404] Loaded X.509 cert 'Build time autogenerated kernel key: cf00e047681d67edb2720680708b7d9498083038'
[    8.563207] zswap: loaded using pool lzo/zbud
[    8.583980] Key type trusted registered
[    8.607354] Key type encrypted registered
[    8.621226] AppArmor: AppArmor sha1 policy hashing enabled
[    8.638440] ima: No TPM chip found, activating TPM-bypass!
[    8.655291] ima: Allocated hash algorithm: sha1
[    8.670373] evm: HMAC attrs: 0x1
[    8.684620]   Magic number: 6:893:639
[    8.698764] rtc_cmos rtc_cmos: setting system clock to 2022-05-23 15:37:50 UTC (1653320270)
[    8.725786] BIOS EDD facility v0.16 2004-Jun-25, 0 devices found
[    8.743907] EDD information not available.
[    8.763537] Freeing unused kernel memory: 1492K
[    8.792889] Write protecting the kernel read-only data: 14336k
[    8.814860] Freeing unused kernel memory: 1584K
[    8.830034] Freeing unused kernel memory: 52K
Loading, please wait...
starting version 229
[    8.886829] random: udevadm: uninitialized urandom read (16 bytes read, 4 bits of entropy available)
[    8.888819] random: systemd-udevd: uninitialized urandom read (16 bytes read, 4 bits of entropy available)
[    8.889163] random: systemd-udevd: uninitialized urandom read (16 bytes read, 4 bits of entropy available)
[    8.889216] random: systemd-udevd: uninitialized urandom read (16 bytes read, 4 bits of entropy available)
[    8.889242] random: systemd-udevd: uninitialized urandom read (16 bytes read, 4 bits of entropy available)
[    9.054700] random: udevadm: uninitialized urandom read (16 bytes read, 4 bits of entropy available)
[    9.123917] random: systemd-udevd: uninitialized urandom read (16 bytes read, 4 bits of entropy available)
[    9.156994] random: systemd-udevd: uninitialized urandom read (16 bytes read, 4 bits of entropy available)
[    9.189495] random: systemd-udevd: uninitialized urandom read (16 bytes read, 4 bits of entropy available)
[    9.225225] random: systemd-udevd: uninitialized urandom read (16 bytes read, 4 bits of entropy available)
[    9.357009] e1000: Intel(R) PRO/1000 Network Driver - version 7.3.21-k8-NAPI
[    9.383503] e1000: Copyright (c) 1999-2006 Intel Corporation.
[    9.442843] Fusion MPT base driver 3.04.20
[    9.462234] Copyright (c) 1999-2008 LSI Corporation
[    9.555626] Fusion MPT SPI Host driver 3.04.20
[    9.593513] mptbase: ioc0: Initiating bringup
[    9.624052] AVX version of gcm_enc/dec engaged.
[    9.644462] AES CTR mode by8 optimization enabled
[    9.696924] ioc0: LSI53C1030 A0: Capabilities={Initiator}
[    9.720664] input: ImExPS/2 Generic Explorer Mouse as /devices/platform/i8042/serio1/input/input4
[    9.951532] scsi host2: ioc0: LSI53C1030 A0, FwRev=00000000h, Ports=1, MaxQ=256, IRQ=20
[   10.095981] scsi 2:0:0:0: Direct-Access     VBOX     HARDDISK         1.0  PQ: 0 ANSI: 5
[   10.125434] scsi target2:0:0: Beginning Domain Validation
[   10.151715] scsi target2:0:0: Domain Validation skipping write tests
[   10.173721] scsi target2:0:0: Ending Domain Validation
[   10.202435] scsi target2:0:0: asynchronous
[   10.227185] scsi 2:0:1:0: Direct-Access     VBOX     HARDDISK         1.0  PQ: 0 ANSI: 5
[   10.257484] scsi target2:0:1: Beginning Domain Validation
[   10.289381] scsi target2:0:1: Domain Validation skipping write tests
[   10.476519] scsi target2:0:1: Ending Domain Validation
[   10.493751] scsi target2:0:1: asynchronous
[   10.534955] sd 2:0:0:0: Attached scsi generic sg0 type 0
[   10.555464] sd 2:0:1:0: Attached scsi generic sg1 type 0
[   10.574921] sd 2:0:0:0: [sda] 83886080 512-byte logical blocks: (42.9 GB/40.0 GiB)
[   10.604175] sd 2:0:1:0: [sdb] 20480 512-byte logical blocks: (10.5 MB/10.0 MiB)
[   10.632185] sd 2:0:0:0: [sda] Write Protect is off
[   10.650294] sd 2:0:1:0: [sdb] Write Protect is off
[   10.667851] sd 2:0:0:0: [sda] Incomplete mode parameter data
[   10.687333] sd 2:0:0:0: [sda] Assuming drive cache: write through
[   10.710864] sd 2:0:1:0: [sdb] Incomplete mode parameter data
[   10.730189] sd 2:0:1:0: [sdb] Assuming drive cache: write through
[   10.752950]  sda: sda1
[   10.770922] sd 2:0:1:0: [sdb] Attached SCSI disk
[   10.787730] sd 2:0:0:0: [sda] Attached SCSI disk
[   11.412362] e1000 0000:00:03.0 eth0: (PCI:33MHz:32-bit) 02:be:82:6b:cc:1d
[   11.432334] e1000 0000:00:03.0 eth0: Intel(R) PRO/1000 Network Connection
[   11.459746] e1000 0000:00:03.0 enp0s3: renamed from eth0
Begin: Loading essential drivers ... [   18.355321] md: linear personality registered for level -1
[   18.401036] md: multipath personality registered for level -4
[   18.440290] md: raid0 personality registered for level 0
[   18.515089] md: raid1 personality registered for level 1
[   18.653528] raid6: sse2x1   gen()  4676 MB/s
[   18.882409] raid6: sse2x1   xor()  4264 MB/s
[   19.082377] raid6: sse2x2   gen()  5230 MB/s
[   19.194461] raid6: sse2x2   xor()  4012 MB/s
[   19.371425] raid6: sse2x4   gen() 11629 MB/s
[   19.460958] raid6: sse2x4   xor()  3089 MB/s
[   19.487015] raid6: using algorithm sse2x4 gen() 11629 MB/s
[   19.514718] raid6: .... xor() 3089 MB/s, rmw enabled
[   19.536084] raid6: using ssse3x2 recovery algorithm
[   19.564536] xor: automatically using best checksumming function:
[   19.624836]    avx       :  7476.000 MB/sec
[   19.649543] async_tx: api initialized (async)
[   19.757345] md: raid6 personality registered for level 6
[   19.779914] md: raid5 personality registered for level 5
[   19.803290] md: raid4 personality registered for level 4
[   19.876673] md: raid10 personality registered for level 10
done.
Begin: Running /scripts/init-premount ... done.
Begin: Mounting root file system ... Begin: Running /scripts/local-top ... done.
Begin: Running /scripts/local-premount ... [   20.110195] Btrfs loaded
Scanning for Btrfs filesystems
done.
Warning: fsck not present, so skipping root file system
[   20.270901] EXT4-fs (sda1): mounted filesystem with ordered data mode. Opts: (null)
done.
Begin: Running /scripts/local-bottom ... done.
Begin: Running /scripts/init-bottom ... done.
[   20.668327] systemd[1]: systemd 229 running in system mode. (+PAM +AUDIT +SELINUX +IMA +APPARMOR +SMACK +SYSVINIT +UTMP +LIBCRYPTSETUP +GCRYPT +GNUTLS +ACL +XZ -LZ4 +SECCOMP +BLKID +ELFUTILS +KMOD -IDN)
[   20.725662] systemd[1]: Detected virtualization oracle.
[   20.743978] systemd[1]: Detected architecture x86-64.

Welcome to [1mUbuntu 16.04.7 LTS[0m!

[   20.779869] systemd[1]: Set hostname to <ubuntu>.
[   20.804432] systemd[1]: Initializing machine ID from random generator.
[   20.826070] systemd[1]: Installed transient /etc/machine-id file.
[   21.251859] systemd[1]: Set up automount Arbitrary Executable File Formats File System Automount Point.
[[0;32m  OK  [0m] Set up automount Arbitrary Executab...ats File System Automount Point.
[   21.300511] systemd[1]: Created slice System Slice.
[[0;32m  OK  [0m] Created slice System Slice.
[   21.329043] systemd[1]: Listening on LVM2 poll daemon socket.
[[0;32m  OK  [0m] Listening on LVM2 poll daemon socket.
[   21.360324] systemd[1]: Listening on Journal Audit Socket.
[[0;32m  OK  [0m] Listening on Journal Audit Socket.
[   21.390259] systemd[1]: Reached target Swap.
[[0;32m  OK  [0m] Reached target Swap.
[   21.415472] systemd[1]: Listening on /dev/initctl Compatibility Named Pipe.
[[0;32m  OK  [0m] Listening on /dev/initctl Compatibility Named Pipe.
[   21.450902] systemd[1]: Started Trigger resolvconf update for networkd DNS.
[[0;32m  OK  [0m] Started Trigger resolvconf update for networkd DNS.
[   21.487599] systemd[1]: Started Forward Password Requests to Wall Directory Watch.
[[0;32m  OK  [0m] Started Forward Password Requests to Wall Directory Watch.
[   21.527233] systemd[1]: Listening on Journal Socket (/dev/log).
[[0;32m  OK  [0m] Listening on Journal Socket (/dev/log).
[   21.557171] systemd[1]: Listening on fsck to fsckd communication Socket.
[[0;32m  OK  [0m] Listening on fsck to fsckd communication Socket.
[   21.590362] systemd[1]: Listening on Device-mapper event daemon FIFOs.
[[0;32m  OK  [0m] Listening on Device-mapper event daemon FIFOs.
[   21.624262] systemd[1]: Listening on Journal Socket.
[[0;32m  OK  [0m] Listening on Journal Socket.
[   21.665298] systemd[1]: Starting Uncomplicated firewall...
         Starting Uncomplicated firewall...
[   21.696710] systemd[1]: Starting File System Check on Root Device...
         Startin[   21.723300] systemd[1]: Starting Nameserver information manager...
g File System Check on Root Device...
         Starting Nameserver information manager...
[   21.768236] systemd[1]: Starting Create list of required static device nodes for the current kernel...
         Starting Create list of required st... nodes for the current kernel...
[   21.821508] systemd[1]: Mounting Huge Pages File System...
[   21.824590] random: nonblocking pool is initialized
         Mounting Huge Pages File System...
[   21.876569] systemd[1]: Starting Load Kernel Modules...
         Starting Load Kernel Modules...
[   21.909572] systemd[1]: Listening on udev Kernel Socket.
[   21.930510] Loading iSCSI transport class v2.0-870.
[[0;32m  OK  [0m] Listening on udev Kernel Socket.
[   21.973195] systemd[1]: Mounting Debug File System...
[   21.993342] iscsi: registered transport (tcp)
         Mounting Debug File System...
[   22.025271] systemd[1]: Created slice User and Session Slice.
[[0;32m  OK  [0m] Created slice User and Session Slice.
[   22.070012] systemd[1]: Reached target Slices.
[[0;32m  OK  [0m] Reached target Slices.
[   22.108228] systemd[1]: Listening on LVM2 metadata daemon socket.
[[0;32m  OK  [0m] Listening on LVM2 metadata daemon socket.
[   22.185854] systemd[1]: Mounting POSIX Message Queue File System...
         Mounting POSIX Message Queue File System...
[   22.244168] systemd[1]: Starting Monitoring of LVM2 mirrors, snapshots etc. using dmeventd or progress polling...
[   22.282186] iscsi: registered transport (iser)
         Starting Monitoring of LVM2 mirrors... dmeventd or progress polling...
[   22.322405] systemd[1]: Listening on udev Control Socket.
[[0;32m  OK  [0m] Listening on udev Control Socket.
[   22.360655] systemd[1]: Created slice system-serial\x2dgetty.slice.
[[0;32m  OK  [0m] Created slice system-serial\x2dgetty.slice.
[   22.396039] systemd[1]: Reached target System Time Synchronized.
[[0;32m  OK  [0m] Reached target System Time Synchronized.
[   22.430286] systemd[1]: Listening on Syslog Socket.
[[0;32m  OK  [0m] Listening on Syslog Socket.
[   22.481437] systemd[1]: Starting Journal Service...
         Starting Journal Service...
[   22.512822] systemd[1]: Starting Set console keymap...
         Starting Set console keymap...
[   22.548072] systemd[1]: Reached target Encrypted Volumes.
[[0;32m  OK  [0m] Reached target Encrypted Volumes.
[   22.581788] systemd[1]: Reached target User and Group Name Lookups.
[[0;32m  OK  [0m] Reached target User and Group Name Lookups.
[   22.668959] systemd[1]: Mounted Huge Pages File System.
[[0;32m  OK  [0m] Mounted Huge Pages File System.
[   22.710701] systemd[1]: Mounted POSIX Message Queue File System.
[[0;32m  OK  [0m] Mounted POSIX Message Queue File System.
[   22.752453] systemd[1]: Mounted Debug File System.
[[0;32m  OK  [0m] Mounted Debug File System.
[   22.789741] systemd[1]: Started Journal Service.
[[0;32m  OK  [0m] Started Journal Service.
[[0;32m  OK  [0m] Started Uncomplicated firewall.
[[0;32m  OK  [0m] Started File System Check on Root Device.
[[0;32m  OK  [0m] Started Create list of required sta...ce nodes for the current kernel.
[[0;32m  OK  [0m] Started Load Kernel Modules.
[[0;32m  OK  [0m] Started Set console keymap.
[[0;32m  OK  [0m] Started Nameserver information manager.
[[0;32m  OK  [0m] Started File System Check Daemon to report status.
[[0;32m  OK  [0m] Started LVM2 metadata daemon.
         Mounting FUSE Control File System...
         Starting Apply Kernel Variables...
         Starting Create Static Device Nodes in /dev...
         Starting Remount Root and Kernel File Systems...
[[0;32m  OK  [0m] Mounted FUSE Control File System.
[[0;32m  OK  [0m] Started Apply Kernel Variables.
[[0;32m  OK  [0m] Started Create Static Device Nodes in /dev.
[[0;32m  OK  [0m] Started Remount Root and Kernel File Systems.
         Starting Load/Save Random Seed...
         Starting Flush Journal to Persistent Storage...
         Starting udev Coldplug all Devices...
         Starting udev Kernel Device Manager...
[[0;32m  OK  [0m] Started Load/Save Random Seed.
[[0;32m  OK  [0m] Started Flush Journal to Persistent Storage.
[[0;32m  OK  [0m] Started Monitoring of LVM2 mirrors,...ng dmeventd or progress polling.
[[0;32m  OK  [0m] Reached target Local File Systems (Pre).
[[0;32m  OK  [0m] Reached target Local File Systems.
         Starting Commit a transient machine-id on disk...
         Starting LSB: AppArmor initialization...
         Starting Create Volatile Files and Directories...
         Starting Set console font and keymap...
         Starting Tell Plymouth To Write Out Runtime Data...
         Starting Initial cloud-init job (pre-networking)...
[[0;32m  OK  [0m] Started udev Kernel Device Manager.
[[0;32m  OK  [0m] Started Commit a transient machine-id on disk.
[[0;32m  OK  [0m] Started Create Volatile Files and Directories.
[[0;32m  OK  [0m] Started Tell Plymouth To Write Out Runtime Data.
         Starting Update UTMP about System Boot/Shutdown...
[[0;32m  OK  [0m] Started Update UTMP about System Boot/Shutdown.
[[0;32m  OK  [0m] Started udev Coldplug all Devices.
[[0;32m  OK  [0m] Started Dispatch Password Requests to Console Directory Watch.
[[0;32m  OK  [0m] Found device /dev/ttyS0.
[[0;32m  OK  [0m] Listening on Load/Save RF Kill Switch Status /dev/rfkill Watch.
[[0;32m  OK  [0m] Started LSB: AppArmor initialization.
[   24.124949] cloud-init[511]: Cloud-init v. 21.1-19-gbad84ad4-0ubuntu1~16.04.2 running 'init-local' at Mon, 23 May 2022 15:38:09 +0000. Up 23.04 seconds.
         Starting Load AppArmor profiles managed internally by snapd...
[[0;32m  OK  [0m] Started Initial cloud-init job (pre-networking).
[[0;32m  OK  [0m] Started Load AppArmor profiles managed internally by snapd.
[[0;32m  OK  [0m] Reached target Network (Pre).
         Starting Raise network interfaces...
[[0;32m  OK  [0m] Started Set console font and keymap.
[[0;32m  OK  [0m] Created slice system-getty.slice.
[[0;32m  OK  [0m] Started Raise network interfaces.
[[0;32m  OK  [0m] Reached target Network.
         Starting Initial cloud-init job (metadata service crawler)...
[   39.782786] cloud-init[962]: Cloud-init v. 21.1-19-gbad84ad4-0ubuntu1~16.04.2 running 'init' at Mon, 23 May 2022 15:38:24 +0000. Up 38.22 seconds.
[   39.812091] cloud-init[962]: ci-info: ++++++++++++++++++++++++++++++++++++++Net device info++++++++++++++++++++++++++++++++++++++
[   39.838156] cloud-init[962]: ci-info: +--------+------+----------------------------+---------------+--------+-------------------+
[   39.863793] cloud-init[962]: ci-info: | Device |  Up  |          Address           |      Mask     | Scope  |     Hw-Address    |
[   39.891266] cloud-init[962]: ci-info: +--------+------+----------------------------+---------------+--------+-------------------+
[   39.917499] cloud-init[962]: ci-info: | enp0s3 | True |         10.0.2.15          | 255.255.255.0 | global | 02:be:82:6b:cc:1d |
[   39.944181] cloud-init[962]: ci-info: | enp0s3 | True | fe80::be:82ff:fe6b:cc1d/64 |       .       |  link  | 02:be:82:6b:cc:1d |
[   39.970951] cloud-init[962]: ci-info: |   lo   | True |         127.0.0.1          |   255.0.0.0   |  host  |         .         |
[   39.997083] cloud-init[962]: ci-info: |   lo   | True |          ::1/128           |       .       |  host  |         .         |
[   40.023300] cloud-init[962]: ci-info: +--------+------+----------------------------+---------------+--------+-------------------+
[   40.046736] cloud-init[962]: ci-info: +++++++++++++++++++++++++++Route IPv4 info++++++++++++++++++++++++++++
[   40.065946] cloud-init[962]: ci-info: +-------+-------------+----------+---------------+-----------+-------+
[   40.092071] cloud-init[962]: ci-info: | Route | Destination | Gateway  |    Genmask    | Interface | Flags |
[   40.117606] cloud-init[962]: ci-info: +-------+-------------+----------+---------------+-----------+-------+
[   40.135870] cloud-init[962]: ci-info: |   0   |   0.0.0.0   | 10.0.2.2 |    0.0.0.0    |   enp0s3  |   UG  |
[   40.160276] cloud-init[962]: ci-info: |   1   |   10.0.2.0  | 0.0.0.0  | 255.255.255.0 |   enp0s3  |   U   |
[   40.178700] cloud-init[962]: ci-info: +-------+-------------+----------+---------------+-----------+-------+
[   40.197092] cloud-init[962]: ci-info: +++++++++++++++++++Route IPv6 info+++++++++++++++++++
[   40.212156] cloud-init[962]: ci-info: +-------+-------------+---------+-----------+-------+
[   40.229825] cloud-init[962]: ci-info: | Route | Destination | Gateway | Interface | Flags |
[   40.245877] cloud-init[962]: ci-info: +-------+-------------+---------+-----------+-------+
[[0;32m  OK  [0m] Started Initial cloud-init job (metadata service crawler).
[[   40.261422] cloud-init[962]: ci-info: |   0   |  fe80::/64  |    ::   |   enp0s3  |   U   |
[   40.275277] cloud-init[962]: ci-info: |   4   |   ff00::/8  |    ::   |   enp0s3  |   U   |
[0;32m  OK  [0m] [   40.275367] Reached target System Initialization.
[[0;32m  OK  [0m] Listening on ACPID Listen Socket.
cloud-init[962]: ci-info: +-------+-------------+---------+-----------+-------+
[   40.328907] cloud-init[962]: Generating public/private rsa key pair.
[   40.331584] cloud-init[962]: Your identification has been saved in /etc/ssh/ssh_host_rsa_key.
[   40.342738] cloud-init[962]: Your public key has been saved in /etc/ssh/ssh_host_rsa_key.pub.
[   40.342828] cloud-init[962]: The key fingerprint is:
[   40.371749] cloud-init[962]: SHA256:hMd9XRIj2VWlZFJV8WBo22ar1qFHpj4zGUUX/0tzorE root@ubuntu-xenial
[   40.371838] cloud-init[962]: The key's randomart image is:
[   40.388020] cloud-init[962]: +---[RSA 2048]----+
[   40.393084] cloud-init[962]: |            o=X*&|
[   40.401827] cloud-init[962]: |       o .  +Bo*+|
[   40.401979] cloud-init[962]: |      . + ...+o.o|
[   40.416682] cloud-init[962]: |       o   .. = .|
[   40.416770] cloud-init[962]: |        S   .+.+o|
[   40.428945] cloud-init[962]: |            .+*.+|
[   40.433929] cloud-init[962]: |            EX o |
[   40.434052] cloud-init[962]: |            X o  |
[   40.450947] cloud-init[962]: |           o.=   |
[   40.451073] cloud-init[962]: +----[SHA256]-----+
[   40.466797] cloud-init[962]: Generating public/private dsa key pair.
[   40.472371] cloud-init[962]: Your identification has been saved in /etc/ssh/ssh_host_dsa_key.
[   40.483288] cloud-init[962]: Your public key has been saved in /etc/ssh/ssh_host_dsa_key.pub.
[   40.483377] cloud-init[962]: The key fingerprint is:
[   40.513318] cloud-init[962]: SHA256:mVOeR3lYbxc7vxGpknhyg5Vf4tYaui/vwSJiZtxtSEE root@ubuntu-xenial
[   40.513754] cloud-init[962]: The key's randomart image is:
[   40.529635] cloud-init[962]: +---[DSA 1024]----+
[   40.534617] cloud-init[962]: |         E    .. |
[   40.543347] cloud-init[962]: |        .   .+ .+|
[   40.543522] cloud-init[962]: |         ..o+..*+|
[   40.558083] cloud-init[962]: |         ==o+.=.=|
[   40.558173] cloud-init[962]: |        S=o*.* o.|
[   40.563391] cloud-init[962]: |      . o.*.* o o|
[   40.580515] cloud-init[962]: |       * + = + . |
[   40.584382] cloud-init[962]: |      + . o.o .  |
[   40.584590] cloud-init[962]: |           .=+   |
[   40.600980] cloud-init[962]: +----[SHA256]-----+
[   40.601081] cloud-init[962]: Generating public/private ecdsa key pair.
[   40.601165] cloud-init[962]: Your identification has been saved in /etc/ssh/ssh_host_ecdsa_key.
[   40.625276] cloud-init[962]: Your public key has been saved in /etc/ssh/ssh_host_ecdsa_key.pub.
[   40.635803] cloud-init[962]: The key fingerprint is:
[   40.635897] cloud-init[962]: SHA256:d4jacmOQpRW0+XBvx4TYmh43WOjieTyveRZDvfgdBg8 root@ubuntu-xenial
[   40.647801] cloud-init[962]: The key's randomart image is:
[   40.647895] cloud-init[962]: +---[ECDSA 256]---+
[   40.680917] cloud-init[962]: |       .o        |
[   40.681378] cloud-init[962]: |         + + .   |
[   40.690510] cloud-init[962]: |        * + +..  |
[   40.695830] cloud-init[962]: |       = * B.E.  |
[   40.704808] cloud-init[962]: |      + S X.*.*. |
[   40.709607] cloud-init[962]: |       = * =+o.+ |
[   40.709698] cloud-init[962]: |      o B =  +...|
[   40.726737] cloud-init[962]: |       + o +o . .|
[   40.726905] cloud-init[962]: |          o+.    |
[   40.739324] cloud-init[962]: +----[SHA256]-----+
[   40.739418] cloud-init[962]: Generating public/private ed25519 key pair.
[   40.754578] cloud-init[962]: Your identification has been saved in /etc/ssh/ssh_host_ed25519_key.
[   40.763198] cloud-init[962]: Your public key has been saved in /etc/ssh/ssh_host_ed25519_key.pub.
[   40.763294] cloud-init[962]: The key fingerprint is:
[   40.794840] cloud-init[962]: SHA256:2dYuIjY9XKz5Bvz8MAFFMtBr1dgxnyFENsRgOd07q2Q root@ubuntu-xenial
[   40.794958] cloud-init[962]: The key's randomart image is:
[   40.811711] cloud-init[962]: +--[ED25519 256]--+
[   40.811804] cloud-init[962]: |      .oo.=%Xo.  |
[   40.826076] cloud-init[962]: |        .==.==.o |
[   40.826199] cloud-init[962]: |        .o .  o. |
[   40.826288] cloud-init[962]: |        o= .  o  |
[   40.826367] cloud-init[962]: |       oS * .  o |
[   40.826448] cloud-init[962]: |       oo= oE .  |
[   40.863836] cloud-init[962]: |      + B++o..   |
[   40.866981] cloud-init[962]: |     . o +++.    |
[   40.872898] cloud-init[962]: |         ....    |
[   40.881532] cloud-init[962]: +----[SHA256]-----+
         Starting LXD - unix socket.
[[0;32m  OK  [0m] Started Message of the Day.
         Starting Socket activation for snappy daemon.
[[0;32m  OK  [0m] Started Ubuntu Advantage update messaging.
[[0;32m  OK  [0m] Started Daily Cleanup of Temporary Directories.
[[0;32m  OK  [0m] Listening on UUID daemon activation socket.
[[0;32m  OK  [0m] Started Daily apt download activities.
[[0;32m  OK  [0m] Started Daily apt upgrade and clean activities.
[[0;32m  OK  [0m] Reached target Timers.
[[0;32m  OK  [0m] Started ACPI Events Check.
[[0;32m  OK  [0m] Reached target Paths.
[[0;32m  OK  [0m] Listening on D-Bus System Message Bus Socket.
[[0;32m  OK  [0m] Reached target Cloud-config availability.
[[0;32m  OK  [0m] Reached target Network is Online.
         Starting iSCSI initiator daemon (iscsid)...
[[0;32m  OK  [0m] Listening on LXD - unix socket.
[[0;32m  OK  [0m] Listening on Socket activation for snappy daemon.
[[0;32m  OK  [0m] Reached target Sockets.
[[0;32m  OK  [0m] Reached target Basic System.
[[0;32m  OK  [0m] Started FUSE filesystem for LXC.
         Starting Pollinate to seed the pseudo random number generator...
         Starting System Logging Service...
[[0;32m  OK  [0m] Started D-Bus System Message Bus.
         Starting /etc/rc.local Compatibility...
         Starting Login Service...
         Starting Accounts Service...
[[0;32m  OK  [0m] Started ACPI event daemon.
         Starting LSB: MD monitoring daemon...
         Starting Virtualbox guest utils...
[[0;32m  OK  [0m] Started Regular background program processing daemon.
[[0;32m  OK  [0m] Started Deferred execution scheduler.
         Starting LXD - container startup/shutdown...
         Starting LSB: Record successful boot for GRUB...
         Starting Snap Daemon...
[[0;32m  OK  [0m] Started System Logging Service.
[[0;32m  OK  [0m] Started iSCSI initiator daemon (iscsid).
[[0;32m  OK  [0m] Started /etc/rc.local Compatibility.
         Starting Authenticate and Authorize Users to Run Privileged Tasks...
         Starting Login to default iSCSI targets...
[[0;32m  OK  [0m] Started Login Service.
[[0;32m  OK  [0m] Started Unattended Upgrades Shutdown.
[[0;32m  OK  [0m] Started LSB: MD monitoring daemon.
[[0;32m  OK  [0m] Started LSB: Record successful boot for GRUB.
[[0;32m  OK  [0m] Started Authenticate and Authorize Users to Run Privileged Tasks.
[[0;32m  OK  [0m] Started LXD - container startup/shutdown.
[[0;32m  OK  [0m] Started Accounts Service.
[[0;32m  OK  [0m] Started Login to default iSCSI targets.
[[0;32m  OK  [0m] Reached target Remote File Systems (Pre).
[[0;32m  OK  [0m] Reached target Remote File Systems.
         Starting LSB: automatic crash report generation...
         Starting LSB: Set the CPU Frequency Scaling governor to "ondemand"...
         Starting LSB: daemon to balance interrupts for SMP systems...
         Starting Permit User Sessions...
[[0;32m  OK  [0m] Started Virtualbox guest utils.
[[0;32m  OK  [0m] Started Permit User Sessions.
         Starting Terminate Plymouth Boot Screen...
         Starting Hold until boot process finishes up...
[[0;32m  OK  [0m] Started Pollinate to seed the pseudo random number generator.
[[0;32m  OK  [0m] Started LSB: automatic crash report generation.
[[0;32m  OK  [0m] Started LSB: Set the CPU Frequency Scaling governor to "ondemand".
[[0;32m  OK  [0m] Started LSB: daemon to balance interrupts for SMP systems.
[[0;32m  OK  [0m] Started Terminate Plymouth Boot Screen.
[[0;32m  OK  [0m] Started Hold until boot process finishes up.
         Starting Set console scheme...
[[0;32m  OK  [0m] Started Getty on tty1.
[[0;32m  OK  [0m] Started Serial Getty on ttyS0.
[[0;32m  OK  [0m] Reached target Login Prompts.
         Starting OpenBSD Secure Shell server...
[[0;32m  OK  [0m] Started Set console scheme.
[[0;32m  OK  [0m] Started Snap Daemon.
[[0;32m  OK  [0m] Started OpenBSD Secure Shell server.
         Starting Wait until snapd is fully seeded...
[[0;32m  OK  [0m] Created slice User Slice of vagrant.
         Starting User Manager for UID 1000...
[[0;32m  OK  [0m] Started Session 1 of user vagrant.
[[0;32m  OK  [0m] Started User Manager for UID 1000.
[[0;32m  OK  [0m] Started Wait until snapd is fully seeded.
         Starting Apply the settings specified in cloud-config...
[[0;32m  OK  [0m] Reached target Multi-User System.
[[0;32m  OK  [0m] Reached target Graphical Interface.
         Starting Update UTMP about System Runlevel Changes...
[[0;32m  OK  [0m] Started Update UTMP about System Runlevel Changes.
[   47.058567] cloud-init[1389]: Generating locales (this might take a while)...

Ubuntu 16.04.7 LTS ubuntu-xenial ttyS0

ubuntu-xenial login: [   50.160904] cloud-init[1389]:   en_US.UTF-8... done
[   50.191023] cloud-init[1389]: Generation complete.
[   51.468163] cloud-init[1389]: Cloud-init v. 21.1-19-gbad84ad4-0ubuntu1~16.04.2 running 'modules:config' at Mon, 23 May 2022 15:38:32 +0000. Up 46.47 seconds.
ci-info: no authorized SSH keys fingerprints found for user ubuntu.
<14>May 23 15:38:39 ec2: 
<14>May 23 15:38:39 ec2: #############################################################
<14>May 23 15:38:39 ec2: -----BEGIN SSH HOST KEY FINGERPRINTS-----
<14>May 23 15:38:39 ec2: 1024 SHA256:mVOeR3lYbxc7vxGpknhyg5Vf4tYaui/vwSJiZtxtSEE root@ubuntu-xenial (DSA)
<14>May 23 15:38:39 ec2: 256 SHA256:d4jacmOQpRW0+XBvx4TYmh43WOjieTyveRZDvfgdBg8 root@ubuntu-xenial (ECDSA)
<14>May 23 15:38:39 ec2: 256 SHA256:2dYuIjY9XKz5Bvz8MAFFMtBr1dgxnyFENsRgOd07q2Q root@ubuntu-xenial (ED25519)
<14>May 23 15:38:39 ec2: 2048 SHA256:hMd9XRIj2VWlZFJV8WBo22ar1qFHpj4zGUUX/0tzorE root@ubuntu-xenial (RSA)
<14>May 23 15:38:39 ec2: -----END SSH HOST KEY FINGERPRINTS-----
<14>May 23 15:38:39 ec2: #############################################################
-----BEGIN SSH HOST KEY KEYS-----
ecdsa-sha2-nistp256 AAAAE2VjZHNhLXNoYTItbmlzdHAyNTYAAAAIbmlzdHAyNTYAAABBBDltwlZu+bWYVy2AslMZ4OXws2cxiy26z8ZJrwdD/oMuW3ByXnzY8eZkD70GtAT0Nfip7LLWcsz9pdHxOYDAiB4= root@ubuntu-xenial
ssh-ed25519 AAAAC3NzaC1lZDI1NTE5AAAAIEESVjgt2KsxOywJCld0puZnLjb5vQ0vVk/5pv15qob9 root@ubuntu-xenial
ssh-rsa AAAAB3NzaC1yc2EAAAADAQABAAABAQCeowb1IDegzXU9IX42vL96+fd/TI71rj8HUULBa86TYqcbEJS6gW9ztqL0fPxWfHXmKyU9UKAKr4Ax2r1ZzpU+K+H/cF30SjF11Wc+Z5Fc4SgfQEdj7kKVfcs81KBSEkrref2cCj+wSFK2PVo3IIC1gCBtklacyKpNgIoKrq5ZB1zZ4zziVLW/ANpnOJo21bq3Z/2XaRaNH5iOxWZmmxXpHJYfk+lvGhrtTTpxf4foVZchFx8VDlKJzoSefbzLa9vQNVMjGZGU0u0fb2I+At/q0Oq/t9Wgas5MyvxqsYLKPv6piVFOpKBJ7/HaWSFGKYarGKVzXt2zqvdGm8x8eVDv root@ubuntu-xenial
-----END SSH HOST KEY KEYS-----
[   53.161526] cloud-init[1609]: Cloud-init v. 21.1-19-gbad84ad4-0ubuntu1~16.04.2 running 'modules:final' at Mon, 23 May 2022 15:38:38 +0000. Up 52.37 seconds.
[   53.189081] cloud-init[1609]: ci-info: no authorized SSH keys fingerprints found for user ubuntu.
[   53.206534] cloud-init[1609]: Cloud-init v. 21.1-19-gbad84ad4-0ubuntu1~16.04.2 finished at Mon, 23 May 2022 15:38:39 +0000. Datasource DataSourceNoCloud [seed=/dev/sdb][dsmode=net].  Up 52.95 seconds
