[    0.000000] Initializing cgroup subsys cpuset
[    0.000000] Initializing cgroup subsys cpu
[    0.000000] Initializing cgroup subsys cpuacct
[    0.000000] Linux version 4.4.0-210-generic (buildd@lgw01-amd64-009) (gcc version 5.4.0 20160609 (Ubuntu 5.4.0-6ubuntu1~16.04.12) ) #242-Ubuntu SMP Fri Apr 16 09:57:56 UTC 2021 (Ubuntu 4.4.0-210.242-generic 4.4.262)
[    0.000000] Command line: BOOT_IMAGE=/boot/vmlinuz-4.4.0-210-generic root=LABEL=cloudimg-rootfs ro console=tty1 console=ttyS0
[    0.000000] KERNEL supported cpus:
[    0.000000]   Intel GenuineIntel
[    0.000000]   AMD AuthenticAMD
[    0.000000]   Centaur CentaurHauls
[    0.000000] x86/fpu: xstate_offset[2]:  576, xstate_sizes[2]:  256
[    0.000000] x86/fpu: Supporting XSAVE feature 0x01: 'x87 floating point registers'
[    0.000000] x86/fpu: Supporting XSAVE feature 0x02: 'SSE registers'
[    0.000000] x86/fpu: Supporting XSAVE feature 0x04: 'AVX registers'
[    0.000000] x86/fpu: Enabled xstate features 0x7, context size is 832 bytes, using 'standard' format.
[    0.000000] e820: BIOS-provided physical RAM map:
[    0.000000] BIOS-e820: [mem 0x0000000000000000-0x000000000009fbff] usable
[    0.000000] BIOS-e820: [mem 0x000000000009fc00-0x000000000009ffff] reserved
[    0.000000] BIOS-e820: [mem 0x00000000000f0000-0x00000000000fffff] reserved
[    0.000000] BIOS-e820: [mem 0x0000000000100000-0x000000007ffeffff] usable
[    0.000000] BIOS-e820: [mem 0x000000007fff0000-0x000000007fffffff] ACPI data
[    0.000000] BIOS-e820: [mem 0x00000000fec00000-0x00000000fec00fff] reserved
[    0.000000] BIOS-e820: [mem 0x00000000fee00000-0x00000000fee00fff] reserved
[    0.000000] BIOS-e820: [mem 0x00000000fffc0000-0x00000000ffffffff] reserved
[    0.000000] NX (Execute Disable) protection: active
[    0.000000] SMBIOS 2.5 present.
[    0.000000] Hypervisor detected: KVM
[    0.000000] e820: last_pfn = 0x7fff0 max_arch_pfn = 0x400000000
[    0.000000] MTRR: Disabled
[    0.000000] x86/PAT: MTRRs disabled, skipping PAT initialization too.
[    0.000000] CPU MTRRs all blank - virtualized system.
[    0.000000] x86/PAT: Configuration [0-7]: WB  WT  UC- UC  WB  WT  UC- UC  
[    0.000000] found SMP MP-table at [mem 0x0009fff0-0x0009ffff] mapped at [ffff88000009fff0]
[    0.000000] Scanning 1 areas for low memory corruption
[    0.000000] RAMDISK: [mem 0x362dc000-0x37165fff]
[    0.000000] ACPI: Early table checksum verification disabled
[    0.000000] ACPI: RSDP 0x00000000000E0000 000024 (v02 VBOX  )
[    0.000000] ACPI: XSDT 0x000000007FFF0030 00003C (v01 VBOX   VBOXXSDT 00000001 ASL  00000061)
[    0.000000] ACPI: FACP 0x000000007FFF00F0 0000F4 (v04 VBOX   VBOXFACP 00000001 ASL  00000061)
[    0.000000] ACPI: DSDT 0x000000007FFF0470 002325 (v02 VBOX   VBOXBIOS 00000002 INTL 20100528)
[    0.000000] ACPI: FACS 0x000000007FFF0200 000040
[    0.000000] ACPI: FACS 0x000000007FFF0200 000040
[    0.000000] ACPI: APIC 0x000000007FFF0240 00005C (v02 VBOX   VBOXAPIC 00000001 ASL  00000061)
[    0.000000] ACPI: SSDT 0x000000007FFF02A0 0001CC (v01 VBOX   VBOXCPUT 00000002 INTL 20100528)
[    0.000000] No NUMA configuration found
[    0.000000] Faking a node at [mem 0x0000000000000000-0x000000007ffeffff]
[    0.000000] NODE_DATA(0) allocated [mem 0x7ffeb000-0x7ffeffff]
[    0.000000] kvm-clock: Using msrs 4b564d01 and 4b564d00
[    0.000000] kvm-clock: cpu 0, msr 0:7ffe3001, primary cpu clock
[    0.000000] kvm-clock: using sched offset of 7885878983 cycles
[    0.000000] clocksource: kvm-clock: mask: 0xffffffffffffffff max_cycles: 0x1cd42e4dffb, max_idle_ns: 881590591483 ns
[    0.000000] Zone ranges:
[    0.000000]   DMA      [mem 0x0000000000001000-0x0000000000ffffff]
[    0.000000]   DMA32    [mem 0x0000000001000000-0x000000007ffeffff]
[    0.000000]   Normal   empty
[    0.000000]   Device   empty
[    0.000000] Movable zone start for each node
[    0.000000] Early memory node ranges
[    0.000000]   node   0: [mem 0x0000000000001000-0x000000000009efff]
[    0.000000]   node   0: [mem 0x0000000000100000-0x000000007ffeffff]
[    0.000000] Initmem setup node 0 [mem 0x0000000000001000-0x000000007ffeffff]
[    0.000000] ACPI: PM-Timer IO Port: 0x4008
[    0.000000] IOAPIC[0]: apic_id 2, version 32, address 0xfec00000, GSI 0-23
[    0.000000] ACPI: INT_SRC_OVR (bus 0 bus_irq 0 global_irq 2 dfl dfl)
[    0.000000] ACPI: INT_SRC_OVR (bus 0 bus_irq 9 global_irq 9 low level)
[    0.000000] Using ACPI (MADT) for SMP configuration information
[    0.000000] smpboot: Allowing 2 CPUs, 0 hotplug CPUs
[    0.000000] PM: Registered nosave memory: [mem 0x00000000-0x00000fff]
[    0.000000] PM: Registered nosave memory: [mem 0x0009f000-0x0009ffff]
[    0.000000] PM: Registered nosave memory: [mem 0x000a0000-0x000effff]
[    0.000000] PM: Registered nosave memory: [mem 0x000f0000-0x000fffff]
[    0.000000] e820: [mem 0x80000000-0xfebfffff] available for PCI devices
[    0.000000] Booting paravirtualized kernel on KVM
[    0.000000] clocksource: refined-jiffies: mask: 0xffffffff max_cycles: 0xffffffff, max_idle_ns: 7645519600211568 ns
[    0.000000] setup_percpu: NR_CPUS:512 nr_cpumask_bits:512 nr_cpu_ids:2 nr_node_ids:1
[    0.000000] PERCPU: Embedded 33 pages/cpu @ffff88007fc00000 s95192 r8192 d31784 u1048576
[    0.000000] Built 1 zonelists in Node order, mobility grouping on.  Total pages: 515960
[    0.000000] Policy zone: DMA32
[    0.000000] Kernel command line: BOOT_IMAGE=/boot/vmlinuz-4.4.0-210-generic root=LABEL=cloudimg-rootfs ro console=tty1 console=ttyS0
[    0.000000] PID hash table entries: 4096 (order: 3, 32768 bytes)
[    0.000000] Memory: 2029984K/2096696K available (8644K kernel code, 1332K rwdata, 4044K rodata, 1492K init, 1164K bss, 66712K reserved, 0K cma-reserved)
[    0.000000] SLUB: HWalign=64, Order=0-3, MinObjects=0, CPUs=2, Nodes=1
[    0.000000] Kernel/User page tables isolation: enabled
[    0.000000] Hierarchical RCU implementation.
[    0.000000] 	Build-time adjustment of leaf fanout to 64.
[    0.000000] 	RCU restricting CPUs from NR_CPUS=512 to nr_cpu_ids=2.
[    0.000000] RCU: Adjusting geometry for rcu_fanout_leaf=64, nr_cpu_ids=2
[    0.000000] NR_IRQS:33024 nr_irqs:440 16
[    0.000000] Console: colour VGA+ 80x25
[    0.000000] console [tty1] enabled
[    0.000000] console [ttyS0] enabled
[    0.000000] tsc: Detected 2100.000 MHz processor
[    2.038838] Calibrating delay loop (skipped) preset value.. 4200.00 BogoMIPS (lpj=8400000)
[    2.065941] pid_max: default: 32768 minimum: 301
[    2.080633] ACPI: Core revision 20150930
[    2.096259] ACPI: 2 ACPI AML tables successfully acquired and loaded
[    2.118755] Security Framework initialized
[    2.132681] Yama: becoming mindful.
[    2.145510] AppArmor: AppArmor initialized
[    2.161504] Dentry cache hash table entries: 262144 (order: 9, 2097152 bytes)
[    2.183989] Inode-cache hash table entries: 131072 (order: 8, 1048576 bytes)
[    2.206547] Mount-cache hash table entries: 4096 (order: 3, 32768 bytes)
[    2.226481] Mountpoint-cache hash table entries: 4096 (order: 3, 32768 bytes)
[    2.247830] Initializing cgroup subsys io
[    2.262024] Initializing cgroup subsys memory
[    2.277025] Initializing cgroup subsys devices
[    2.291981] Initializing cgroup subsys freezer
[    2.307030] Initializing cgroup subsys net_cls
[    2.322308] Initializing cgroup subsys perf_event
[    2.337464] Initializing cgroup subsys net_prio
[    2.352289] Initializing cgroup subsys hugetlb
[    2.367311] Initializing cgroup subsys pids
[    2.383868] mce: CPU supports 0 MCE banks
[    2.397784] Last level iTLB entries: 4KB 512, 2MB 8, 4MB 8
[    2.415201] Last level dTLB entries: 4KB 512, 2MB 0, 4MB 0, 1GB 4
[    2.433714] Spectre V1 : Mitigation: usercopy/swapgs barriers and __user pointer sanitization
[    2.462982] Spectre V2 : Mitigation: Full generic retpoline
[    2.480484] Spectre V2 : Spectre v2 / SpectreRSB mitigation: Filling RSB on context switch
[    2.507007] Speculative Store Bypass: Vulnerable
[    2.524203] MDS: Mitigation: Clear CPU buffers
[    2.609222] Freeing SMP alternatives memory: 36K
[    2.776537] ftrace: allocating 32380 entries in 127 pages
[    3.780477] smpboot: APIC(0) Converting physical 0 to logical package 0
[    3.799912] smpboot: Max logical packages: 1
[    3.818520] x2apic enabled
[    3.833544] Switched APIC routing to physical x2apic.
[    3.868813] ..TIMER: vector=0x30 apic1=0 pin1=2 apic2=-1 pin2=-1
[    3.995586] smpboot: CPU0: Intel(R) Xeon(R) CPU E5-2620 v2 @ 2.10GHz (family: 0x6, model: 0x3e, stepping: 0x4)
[    4.029170] Performance Events: unsupported p6 CPU model 62 no PMU driver, software events only.
[    4.212804] KVM setup paravirtual spinlock
[    4.229968] x86: Booting SMP configuration:
[    4.244141] .... node  #0, CPUs:      #1
[    4.260648] kvm-clock: cpu 1, msr 0:7ffe3041, secondary cpu clock
[    4.275912] mce: CPU supports 0 MCE banks
[    4.285576] x86: Booted up 1 node, 2 CPUs
[    4.303346] smpboot: Total of 2 processors activated (8400.00 BogoMIPS)
[    4.327172] devtmpfs: initialized
[    4.341771] evm: security.selinux
[    4.354199] evm: security.SMACK64
[    4.366612] evm: security.SMACK64EXEC
[    4.379489] evm: security.SMACK64TRANSMUTE
[    4.393255] evm: security.SMACK64MMAP
[    4.406169] evm: security.ima
[    4.417790] evm: security.capability
[    4.430984] clocksource: jiffies: mask: 0xffffffff max_cycles: 0xffffffff, max_idle_ns: 7645041785100000 ns
[    4.460431] futex hash table entries: 512 (order: 3, 32768 bytes)
[    4.481007] pinctrl core: initialized pinctrl subsystem
[    4.498114] RTC time: 10:21:35, date: 05/24/22
[    4.513811] NET: Registered protocol family 16
[    4.539438] cpuidle: using governor ladder
[    4.561637] cpuidle: using governor menu
[    4.574920] PCCT header not found.
[    4.587170] ACPI: bus type PCI registered
[    4.600796] acpiphp: ACPI Hot Plug PCI Controller Driver version: 0.5
[    4.620406] PCI: Using configuration type 1 for base access
[    4.653020] ACPI: Added _OSI(Module Device)
[    4.667217] ACPI: Added _OSI(Processor Device)
[    4.681520] ACPI: Added _OSI(3.0 _SCP Extensions)
[    4.696374] ACPI: Added _OSI(Processor Aggregator Device)
[    4.716840] ACPI: Executed 1 blocks of module-level executable AML code
[    4.744601] ACPI: Interpreter enabled
[    4.757261] ACPI: (supports S0 S5)
[    4.769514] ACPI: Using IOAPIC for interrupt routing
[    4.786695] PCI: Using host bridge windows from ACPI; if necessary, use "pci=nocrs" and report a bug
[    4.833305] ACPI: PCI Root Bridge [PCI0] (domain 0000 [bus 00-ff])
[    4.851512] acpi PNP0A03:00: _OSC: OS supports [ASPM ClockPM Segments MSI]
[    4.872457] acpi PNP0A03:00: _OSC: not requesting OS control; OS requires [ExtendedConfig ASPM ClockPM MSI]
[    4.906290] acpi PNP0A03:00: fail to add MMCONFIG information, can't access extended PCI configuration space under this bridge.
[    4.944010] PCI host bridge to bus 0000:00
[    4.958014] pci_bus 0000:00: root bus resource [io  0x0000-0x0cf7 window]
[    4.977594] pci_bus 0000:00: root bus resource [io  0x0d00-0xffff window]
[    4.997072] pci_bus 0000:00: root bus resource [mem 0x000a0000-0x000bffff window]
[    5.021704] pci_bus 0000:00: root bus resource [mem 0x80000000-0xfdffffff window]
[    5.045888] pci_bus 0000:00: root bus resource [bus 00-ff]
[    5.086788] pci 0000:00:01.1: legacy IDE quirk: reg 0x10: [io  0x01f0-0x01f7]
[    5.107253] pci 0000:00:01.1: legacy IDE quirk: reg 0x14: [io  0x03f6]
[    5.126484] pci 0000:00:01.1: legacy IDE quirk: reg 0x18: [io  0x0170-0x0177]
[    5.146872] pci 0000:00:01.1: legacy IDE quirk: reg 0x1c: [io  0x0376]
[    5.510239] pci 0000:00:07.0: quirk: [io  0x4000-0x403f] claimed by PIIX4 ACPI
[    5.534795] pci 0000:00:07.0: quirk: [io  0x4100-0x410f] claimed by PIIX4 SMB
[    5.620271] ACPI: PCI Interrupt Link [LNKA] (IRQs 5 9 10 *11)
[    5.648260] ACPI: PCI Interrupt Link [LNKB] (IRQs 5 9 *10 11)
[    5.675246] ACPI: PCI Interrupt Link [LNKC] (IRQs 5 *9 10 11)
[    5.702354] ACPI: PCI Interrupt Link [LNKD] (IRQs 5 9 10 *11)
[    5.729788] ACPI: Enabled 2 GPEs in block 00 to 07
[    5.752217] vgaarb: setting as boot device: PCI:0000:00:02.0
[    5.769340] vgaarb: device added: PCI:0000:00:02.0,decodes=io+mem,owns=io+mem,locks=none
[    5.795381] vgaarb: loaded
[    5.805928] vgaarb: bridge control possible 0000:00:02.0
[    5.823531] SCSI subsystem initialized
[    5.837713] ACPI: bus type USB registered
[    5.851566] usbcore: registered new interface driver usbfs
[    5.868165] usbcore: registered new interface driver hub
[    5.884528] usbcore: registered new device driver usb
[    5.902110] PCI: Using ACPI for IRQ routing
[    5.918875] NetLabel: Initializing
[    5.931042] NetLabel:  domain hash size = 128
[    5.945151] NetLabel:  protocols = UNLABELED CIPSOv4
[    5.960806] NetLabel:  unlabeled traffic allowed by default
[    5.978473] amd_nb: Cannot enumerate AMD northbridges
[    5.994599] clocksource: Switched to clocksource kvm-clock
[    6.030999] AppArmor: AppArmor Filesystem Enabled
[    6.045808] pnp: PnP ACPI init
[    6.062037] pnp: PnP ACPI: found 3 devices
[    6.120684] clocksource: acpi_pm: mask: 0xffffff max_cycles: 0xffffff, max_idle_ns: 2085701024 ns
[    6.151473] NET: Registered protocol family 2
[    6.169552] TCP established hash table entries: 16384 (order: 5, 131072 bytes)
[    6.196207] TCP bind hash table entries: 16384 (order: 6, 262144 bytes)
[    6.217917] TCP: Hash tables configured (established 16384 bind 16384)
[    6.239101] UDP hash table entries: 1024 (order: 3, 32768 bytes)
[    6.259037] UDP-Lite hash table entries: 1024 (order: 3, 32768 bytes)
[    6.280271] NET: Registered protocol family 1
[    6.296772] pci 0000:00:00.0: Limiting direct PCI/PCI transfers
[    6.316968] pci 0000:00:01.0: Activating ISA DMA hang workarounds
[    6.338916] Unpacking initramfs...
[    6.888933] Freeing initrd memory: 14888K
[    6.906231] RAPL PMU detected, API unit is 2^-32 Joules, 3 fixed counters 10737418240 ms ovfl timer
[    6.942032] hw unit of domain pp0-core 2^-0 Joules
[    6.962085] hw unit of domain package 2^-0 Joules
[    6.981226] hw unit of domain dram 2^-0 Joules
[    6.999632] clocksource: tsc: mask: 0xffffffffffffffff max_cycles: 0x1e4530a99b6, max_idle_ns: 440795257976 ns
[    7.035633] platform rtc_cmos: registered platform RTC device (no PNP device found)
[    7.064945] Scanning for low memory corruption every 60 seconds
[    7.088411] audit: initializing netlink subsys (disabled)
[    7.108244] audit: type=2000 audit(1653387702.635:1): initialized
[    7.129111] Initialise system trusted keyring
[    7.145443] HugeTLB registered 2 MB page size, pre-allocated 0 pages
[    7.168375] zbud: loaded
[    7.180650] VFS: Disk quotas dquot_6.6.0
[    7.195643] VFS: Dquot-cache hash table entries: 512 (order 0, 4096 bytes)
[    7.216974] squashfs: version 4.0 (2009/01/31) Phillip Lougher
[    7.237579] fuse init (API version 7.23)
[    7.253104] Key type big_key registered
[    7.267538] Allocating IMA MOK and blacklist keyrings.
[    7.298460] Key type asymmetric registered
[    7.316634] Asymmetric key parser 'x509' registered
[    7.335377] Block layer SCSI generic (bsg) driver version 0.4 loaded (major 249)
[    7.365309] io scheduler noop registered
[    7.381498] io scheduler deadline registered (default)
[    7.400856] io scheduler cfq registered
[    7.417073] pci_hotplug: PCI Hot Plug PCI Core version: 0.5
[    7.437332] pciehp: PCI Express Hot Plug Controller Driver version: 0.4
[    7.461109] ACPI: AC Adapter [AC] (on-line)
[    7.478134] input: Power Button as /devices/LNXSYSTM:00/LNXPWRBN:00/input/input0
[    7.507786] ACPI: Power Button [PWRF]
[    7.523921] input: Sleep Button as /devices/LNXSYSTM:00/LNXSLPBN:00/input/input1
[    7.551804] ACPI: Sleep Button [SLPF]
[    7.566553] GHES: HEST is not enabled!
[    7.582123] Serial: 8250/16550 driver, 32 ports, IRQ sharing enabled
[    7.639357] 00:02: ttyS0 at I/O 0x3f8 (irq = 4, base_baud = 115200) is a 16550A
[    7.687637] Linux agpgart interface v0.103
[    7.726941] loop: module loaded
[    7.747391] scsi host0: ata_piix
[    7.763140] scsi host1: ata_piix
[    7.777478] ata1: PATA max UDMA/33 cmd 0x1f0 ctl 0x3f6 bmdma 0xd000 irq 14
[    7.800808] ata2: PATA max UDMA/33 cmd 0x170 ctl 0x376 bmdma 0xd008 irq 15
[    7.824848] libphy: Fixed MDIO Bus: probed
[    7.841541] tun: Universal TUN/TAP device driver, 1.6
[    7.860608] tun: (C) 1999-2004 Max Krasnyansky <maxk@qualcomm.com>
[    7.882862] PPP generic driver version 2.4.2
[    7.900280] ehci_hcd: USB 2.0 'Enhanced' Host Controller (EHCI) Driver
[    7.925311] ehci-pci: EHCI PCI platform driver
[    7.944749] ehci-platform: EHCI generic platform driver
[    7.967737] ohci_hcd: USB 1.1 'Open' Host Controller (OHCI) Driver
[    7.993070] ohci-pci: OHCI PCI platform driver
[    8.012324] ohci-platform: OHCI generic platform driver
[    8.034047] uhci_hcd: USB Universal Host Controller Interface driver
[    8.059302] i8042: PNP: PS/2 Controller [PNP0303:PS2K,PNP0f03:PS2M] at 0x60,0x64 irq 1,12
[    8.102159] serio: i8042 KBD port at 0x60,0x64 irq 1
[    8.123086] serio: i8042 AUX port at 0x60,0x64 irq 12
[    8.143282] mousedev: PS/2 mouse device common for all mice
[    8.169791] rtc_cmos rtc_cmos: rtc core: registered rtc_cmos as rtc0
[    8.201977] input: AT Translated Set 2 keyboard as /devices/platform/i8042/serio0/input/input2
[    8.202947] rtc_cmos rtc_cmos: alarms up to one day, 114 bytes nvram
[    8.202975] i2c /dev entries driver
[    8.203347] device-mapper: uevent: version 1.0.3
[    8.239055] device-mapper: ioctl: 4.34.0-ioctl (2015-10-28) initialised: dm-devel@redhat.com
[    8.239097] ledtrig-cpu: registered to indicate activity on CPUs
[    8.240301] NET: Registered protocol family 10
[    8.241065] NET: Registered protocol family 17
[    8.241087] Key type dns_resolver registered
[    8.242212] registered taskstats version 1
[    8.242239] Loading compiled-in X.509 certificates
[    8.243589] Loaded X.509 cert 'Build time autogenerated kernel key: cf00e047681d67edb2720680708b7d9498083038'
[    8.243628] zswap: loaded using pool lzo/zbud
[    8.248200] Key type trusted registered
[    8.255036] Key type encrypted registered
[    8.255045] AppArmor: AppArmor sha1 policy hashing enabled
[    8.255063] ima: No TPM chip found, activating TPM-bypass!
[    8.255071] ima: Allocated hash algorithm: sha1
[    8.255106] evm: HMAC attrs: 0x1
[    8.257397]   Magic number: 6:679:376
[    8.263773] rtc_cmos rtc_cmos: setting system clock to 2022-05-24 10:21:39 UTC (1653387699)
[    8.263974] BIOS EDD facility v0.16 2004-Jun-25, 0 devices found
[    8.263975] EDD information not available.
[    8.735196] Freeing unused kernel memory: 1492K
[    9.038898] Write protecting the kernel read-only data: 14336k
[    9.064899] Freeing unused kernel memory: 1584K
[    9.083058] Freeing unused kernel memory: 52K
Loading, please wait...
starting version 229
[    9.151297] random: udevadm: uninitialized urandom read (16 bytes read, 5 bits of entropy available)
[    9.153484] random: systemd-udevd: uninitialized urandom read (16 bytes read, 5 bits of entropy available)
[    9.153851] random: systemd-udevd: uninitialized urandom read (16 bytes read, 5 bits of entropy available)
[    9.153907] random: systemd-udevd: uninitialized urandom read (16 bytes read, 5 bits of entropy available)
[    9.153966] random: systemd-udevd: uninitialized urandom read (16 bytes read, 5 bits of entropy available)
[    9.316128] random: udevadm: uninitialized urandom read (16 bytes read, 5 bits of entropy available)
[    9.387818] random: systemd-udevd: uninitialized urandom read (16 bytes read, 5 bits of entropy available)
[    9.427032] random: systemd-udevd: uninitialized urandom read (16 bytes read, 5 bits of entropy available)
[    9.467008] random: systemd-udevd: uninitialized urandom read (16 bytes read, 5 bits of entropy available)
[    9.473082] random: udevadm: uninitialized urandom read (16 bytes read, 5 bits of entropy available)
[    9.632958] e1000: Intel(R) PRO/1000 Network Driver - version 7.3.21-k8-NAPI
[    9.657715] e1000: Copyright (c) 1999-2006 Intel Corporation.
[    9.700887] Fusion MPT base driver 3.04.20
[    9.716730] Copyright (c) 1999-2008 LSI Corporation
[    9.753442] Fusion MPT SPI Host driver 3.04.20
[    9.933311] AVX version of gcm_enc/dec engaged.
[    9.953495] AES CTR mode by8 optimization enabled
[   10.264116] input: ImExPS/2 Generic Explorer Mouse as /devices/platform/i8042/serio1/input/input4
[   11.113919] e1000 0000:00:03.0 eth0: (PCI:33MHz:32-bit) 02:be:82:6b:cc:1d
[   11.134137] e1000 0000:00:03.0 eth0: Intel(R) PRO/1000 Network Connection
[   11.160155] mptbase: ioc0: Initiating bringup
[   11.160965] e1000 0000:00:03.0 enp0s3: renamed from eth0
[   11.266040] ioc0: LSI53C1030 A0: Capabilities={Initiator}
[   11.470500] scsi host2: ioc0: LSI53C1030 A0, FwRev=00000000h, Ports=1, MaxQ=256, IRQ=20
[   11.608783] scsi 2:0:0:0: Direct-Access     VBOX     HARDDISK         1.0  PQ: 0 ANSI: 5
[   11.636371] scsi target2:0:0: Beginning Domain Validation
[   11.663860] scsi target2:0:0: Domain Validation skipping write tests
[   11.684026] scsi target2:0:0: Ending Domain Validation
[   11.702427] scsi target2:0:0: asynchronous
[   11.722306] scsi 2:0:1:0: Direct-Access     VBOX     HARDDISK         1.0  PQ: 0 ANSI: 5
[   11.925046] scsi target2:0:1: Beginning Domain Validation
[   11.954302] scsi target2:0:1: Domain Validation skipping write tests
[   11.973826] scsi target2:0:1: Ending Domain Validation
[   11.991508] scsi target2:0:1: asynchronous
[   12.051799] sd 2:0:0:0: Attached scsi generic sg0 type 0
[   12.070177] sd 2:0:0:0: [sda] 83886080 512-byte logical blocks: (42.9 GB/40.0 GiB)
[   12.098396] sd 2:0:1:0: Attached scsi generic sg1 type 0
[   12.100748] sd 2:0:1:0: [sdb] 20480 512-byte logical blocks: (10.5 MB/10.0 MiB)
[   12.102499] sd 2:0:1:0: [sdb] Write Protect is off
[   12.103913] sd 2:0:1:0: [sdb] Incomplete mode parameter data
[   12.103916] sd 2:0:1:0: [sdb] Assuming drive cache: write through
[   12.107026] sd 2:0:0:0: [sda] Write Protect is off
[   12.107774] sd 2:0:0:0: [sda] Incomplete mode parameter data
[   12.107777] sd 2:0:0:0: [sda] Assuming drive cache: write through
[   12.132055] sd 2:0:1:0: [sdb] Attached SCSI disk
[   12.133875]  sda: sda1
[   12.138336] sd 2:0:0:0: [sda] Attached SCSI disk
Begin: Loading essential drivers ... [   18.951051] md: linear personality registered for level -1
[   18.992845] md: multipath personality registered for level -4
[   19.031612] md: raid0 personality registered for level 0
[   19.097345] md: raid1 personality registered for level 1
[   19.203046] raid6: sse2x1   gen()  1741 MB/s
[   19.290895] raid6: sse2x1   xor()  1662 MB/s
[   19.374846] raid6: sse2x2   gen()  2340 MB/s
[   19.458922] raid6: sse2x2   xor()  2876 MB/s
[   19.542813] raid6: sse2x4   gen()  4566 MB/s
[   19.626796] raid6: sse2x4   xor()  3410 MB/s
[   19.642447] raid6: using algorithm sse2x4 gen() 4566 MB/s
[   19.658979] raid6: .... xor() 3410 MB/s, rmw enabled
[   19.676372] raid6: using ssse3x2 recovery algorithm
[   19.697601] xor: automatically using best checksumming function:
[   20.238947]    avx       : 371455.000 MB/sec
[   20.265123] async_tx: api initialized (async)
[   20.381218] md: raid6 personality registered for level 6
[   20.403982] md: raid5 personality registered for level 5
[   20.426442] md: raid4 personality registered for level 4
[   20.501890] md: raid10 personality registered for level 10
done.
Begin: Running /scripts/init-premount ... done.
Begin: Mounting root file system ... Begin: Running /scripts/local-top ... done.
Begin: Running /scripts/local-premount ... [   20.746643] Btrfs loaded
Scanning for Btrfs filesystems
done.
Warning: fsck not present, so skipping root file system
[   20.875527] EXT4-fs (sda1): mounted filesystem with ordered data mode. Opts: (null)
done.
Begin: Running /scripts/local-bottom ... done.
Begin: Running /scripts/init-bottom ... done.
[   21.239590] systemd[1]: systemd 229 running in system mode. (+PAM +AUDIT +SELINUX +IMA +APPARMOR +SMACK +SYSVINIT +UTMP +LIBCRYPTSETUP +GCRYPT +GNUTLS +ACL +XZ -LZ4 +SECCOMP +BLKID +ELFUTILS +KMOD -IDN)
[   21.293318] systemd[1]: Detected virtualization oracle.
[   21.310471] systemd[1]: Detected architecture x86-64.

Welcome to [1mUbuntu 16.04.7 LTS[0m!

[   21.343774] systemd[1]: Set hostname to <ubuntu>.
[   21.365157] systemd[1]: Initializing machine ID from random generator.
[   21.384246] systemd[1]: Installed transient /etc/machine-id file.
[   21.767752] systemd[1]: Listening on fsck to fsckd communication Socket.
[[0;32m  OK  [0m] Listening on fsck to fsckd communication Socket.
[   21.805864] systemd[1]: Listening on udev Control Socket.
[[0;32m  OK  [0m] Listening on udev Control Socket.
[   21.838608] systemd[1]: Reached target System Time Synchronized.
[[0;32m  OK  [0m] Reached target System Time Synchronized.
[   21.874241] systemd[1]: Listening on Journal Audit Socket.
[[0;32m  OK  [0m] Listening on Journal Audit Socket.
[   21.902311] systemd[1]: Started Trigger resolvconf update for networkd DNS.
[[0;32m  OK  [0m] Started Trigger resolvconf update for networkd DNS.
[   21.935989] systemd[1]: Listening on Journal Socket (/dev/log).
[[0;32m  OK  [0m] Listening on Journal Socket (/dev/log).
[   21.965863] systemd[1]: Listening on Syslog Socket.
[[0;32m  OK  [0m] Listening on Syslog Socket.
[   21.992412] systemd[1]: Set up automount Arbitrary Executable File Formats File System Automount Point.
[[0;32m  OK  [0m] Set up automount Arbitrary Executab...ats File System Automount Point.
[   22.038841] systemd[1]: Listening on /dev/initctl Compatibility Named Pipe.
[[0;32m  OK  [0m] Listening on /dev/initctl Compatibility Named Pipe.
[   22.073825] systemd[1]: Listening on Journal Socket.
[[0;32m  OK  [0m] Listening on Journal Socket.
[   22.101490] systemd[1]: Started Forward Password Requests to Wall Directory Watch.
[[0;32m  OK  [0m] Started Forward Password Requests to Wall Directory Watch.
[   22.143391] systemd[1]: Reached target Swap.
[[0;32m  OK  [0m] Reached target Swap.
[   22.168456] systemd[1]: Reached target User and Group Name Lookups.
[[0;32m  OK  [0m] Reached target User and Group Name Lookups.
[   22.200734] systemd[1]: Created slice System Slice.
[[0;32m  OK  [0m] Created slice System Slice.
[   22.239089] systemd[1]: Mounting Debug File System...
         Mounting Debug File System...
[   22.267644] systemd[1]: Starting Nameserver information manager...
         Starting Nameserver information manager...
[   22.301350] systemd[1]: Starting File System Check on Root Device...
[   22.303121] random: nonblocking pool is initialized
         Startin[   22.353129] systemd[1]: Starting Journal Service...
g File System Check on Root Device...
         Starting Journal Service...
[   22.387621] systemd[1]: Created slice system-serial\x2dgetty.slice.
[[0;32m  OK  [0m] Created slice system-serial\x2dgetty.slice.
[   22.430709] systemd[1]: Starting Uncomplicated firewall...
         Starting Uncomplicated firewall...
[   22.469561] systemd[1]: Starting Create list of required static device nodes for the current kernel...
         Starting Create list of required st... nodes for the current kernel...
[   22.528504] systemd[1]: Reached target Encrypted Volumes.
[[0;32m  OK  [0m] Reached target Encrypted Volumes.
[   22.569580] systemd[1]: Created slice User and Session Slice.
[[0;32m  OK  [0m] Created slice User and Session Slice.
[   22.611200] systemd[1]: Reached target Slices.
[[0;32m  OK  [0m] Reached target Slices.
[   22.647086] systemd[1]: Listening on udev Kernel Socket.
[[0;32m  OK  [0m] Listening on udev Kernel Socket.
[   22.703157] systemd[1]: Starting Set console keymap...
         Starting Set console keymap...
[   22.738586] systemd[1]: Starting Load Kernel Modules...
         Starting Load Kernel Modules...
[   22.775698] systemd[1]: Listening on LVM2 metadata daemon socket.
[   22.798600] Loading iSCSI transport class v2.0-870.
[[0;32m  OK  [0m] Listening on LVM2 metadata daemon socket.
[   22.824582] systemd[1]: Listening on LVM2 poll daemon socket.
[[0;32m  OK  [0m] Listening on LVM2 poll daemon socket.
[   22.872299] systemd[1]: Listening on Device-mapper event daemon FIFOs.
[   22.899084] iscsi: registered transport (tcp)
[[0;32m  OK  [0m] Listening on Device-mapper event daemon FIFOs.
[   22.960735] systemd[1]: Starting Monitoring of LVM2 mirrors, snapshots etc. using dmeventd or progress polling...
         Starting Monitoring of LVM2 mirrors... dmeventd or progress polling...
[   23.041805] systemd[1]: Mounting POSIX Message Queue File System...
         Mounting POSIX Message Queue File System...
[   23.111392] systemd[1]: Mounting Huge Pages File System...
         Mounting Huge Pages File System...
[   23.149990] iscsi: registered transport (iser)
[   23.171934] systemd[1]: Mounted Huge Pages File System.
[[0;32m  OK  [0m] Mounted Huge Pages File System.
[   23.211413] systemd[1]: Mounted POSIX Message Queue File System.
[[0;32m  OK  [0m] Mounted POSIX Message Queue File System.
[   23.248094] systemd[1]: Mounted Debug File System.
[[0;32m  OK  [0m] Mounted Debug File System.
[   23.280252] systemd[1]: Started Journal Service.
[[0;32m  OK  [0m] Started Journal Service.
[[0;32m  OK  [0m] Started File System Check on Root Device.
[[0;32m  OK  [0m] Started Uncomplicated firewall.
[[0;32m  OK  [0m] Started Create list of required sta...ce nodes for the current kernel.
[[0;32m  OK  [0m] Started Set console keymap.
[[0;32m  OK  [0m] Started Load Kernel Modules.
[[0;32m  OK  [0m] Started Nameserver information manager.
[[0;32m  OK  [0m] Started File System Check Daemon to report status.
[[0;32m  OK  [0m] Started LVM2 metadata daemon.
         Starting Apply Kernel Variables...
         Mounting FUSE Control File System...
         Starting Create Static Device Nodes in /dev...
         Starting Remount Root and Kernel File Systems...
[[0;32m  OK  [0m] Mounted FUSE Control File System.
[[0;32m  OK  [0m] Started Apply Kernel Variables.
[[0;32m  OK  [0m] Started Create Static Device Nodes in /dev.
[[0;32m  OK  [0m] Started Remount Root and Kernel File Systems.
         Starting udev Coldplug all Devices...
         Starting Flush Journal to Persistent Storage...
         Starting Load/Save Random Seed...
         Starting udev Kernel Device Manager...
[[0;32m  OK  [0m] Started Monitoring of LVM2 mirrors,...ng dmeventd or progress polling.
[[0;32m  OK  [0m] Started Load/Save Random Seed.
[[0;32m  OK  [0m] Reached target Local File Systems (Pre).
[[0;32m  OK  [0m] Reached target Local File Systems.
         Starting Commit a transient machine-id on disk...
         Starting Initial cloud-init job (pre-networking)...
         Starting LSB: AppArmor initialization...
         Starting Tell Plymouth To Write Out Runtime Data...
         Starting Set console font and keymap...
[[0;32m  OK  [0m] Started udev Kernel Device Manager.
[[0;32m  OK  [0m] Started udev Coldplug all Devices.
[[0;32m  OK  [0m] Started Commit a transient machine-id on disk.
[[0;32m  OK  [0m] Started Tell Plymouth To Write Out Runtime Data.
[[0;32m  OK  [0m] Found device /dev/ttyS0.
[[0;32m  OK  [0m] Started Flush Journal to Persistent Storage.
         Starting Create Volatile Files and Directories...
[[0;32m  OK  [0m] Started Dispatch Password Requests to Console Directory Watch.
[[0;32m  OK  [0m] Started Create Volatile Files and Directories.
[[0;32m  OK  [0m] Listening on Load/Save RF Kill Switch Status /dev/rfkill Watch.
         Starting Update UTMP about System Boot/Shutdown...
[   24.904824] cloud-init[493]: Cloud-init v. 21.1-19-gbad84ad4-0ubuntu1~16.04.2 running 'init-local' at Tue, 24 May 2022 10:21:59 +0000. Up 23.82 seconds.
[[0;32m  OK  [0m] Started LSB: AppArmor initialization.
[[0;32m  OK  [0m] Started Initial cloud-init job (pre-networking).
[[0;32m  OK  [0m] Started Update UTMP about System Boot/Shutdown.
[[0;32m  OK  [0m] Reached target Network (Pre).
         Starting Raise network interfaces...
         Starting Load AppArmor profiles managed internally by snapd...
[[0;32m  OK  [0m] Started Load AppArmor profiles managed internally by snapd.
[[0;32m  OK  [0m] Started Set console font and keymap.
[[0;32m  OK  [0m] Created slice system-getty.slice.
[[0;32m  OK  [0m] Started Raise network interfaces.
[[0;32m  OK  [0m] Reached target Network.
         Starting Initial cloud-init job (metadata service crawler)...
[   41.715518] cloud-init[952]: Cloud-init v. 21.1-19-gbad84ad4-0ubuntu1~16.04.2 running 'init' at Tue, 24 May 2022 10:22:15 +0000. Up 39.79 seconds.
[   41.743327] cloud-init[952]: ci-info: ++++++++++++++++++++++++++++++++++++++Net device info++++++++++++++++++++++++++++++++++++++
[   41.768058] cloud-init[952]: ci-info: +--------+------+----------------------------+---------------+--------+-------------------+
[   41.795025] cloud-init[952]: ci-info: | Device |  Up  |          Address           |      Mask     | Scope  |     Hw-Address    |
[   41.822914] cloud-init[952]: ci-info: +--------+------+----------------------------+---------------+--------+-------------------+
[   41.849601] cloud-init[952]: ci-info: | enp0s3 | True |         10.0.2.15          | 255.255.255.0 | global | 02:be:82:6b:cc:1d |
[   41.875538] cloud-init[952]: ci-info: | enp0s3 | True | fe80::be:82ff:fe6b:cc1d/64 |       .       |  link  | 02:be:82:6b:cc:1d |
[   41.901592] cloud-init[952]: ci-info: |   lo   | True |         127.0.0.1          |   255.0.0.0   |  host  |         .         |
[   41.927462] cloud-init[952]: ci-info: |   lo   | True |          ::1/128           |       .       |  host  |         .         |
[   41.954032] cloud-init[952]: ci-info: +--------+------+----------------------------+---------------+--------+-------------------+
[   41.978743] cloud-init[952]: ci-info: +++++++++++++++++++++++++++Route IPv4 info++++++++++++++++++++++++++++
[   42.002051] cloud-init[952]: ci-info: +-------+-------------+----------+---------------+-----------+-------+
[   42.024135] cloud-init[952]: ci-info: | Route | Destination | Gateway  |    Genmask    | Interface | Flags |
[   42.048697] cloud-init[952]: ci-info: +-------+-------------+----------+---------------+-----------+-------+
[   42.071585] cloud-init[952]: ci-info: |   0   |   0.0.0.0   | 10.0.2.2 |    0.0.0.0    |   enp0s3  |   UG  |
[   42.094842] cloud-init[952]: ci-info: |   1   |   10.0.2.0  | 0.0.0.0  | 255.255.255.0 |   enp0s3  |   U   |
[   42.117850] cloud-init[952]: ci-info: +-------+-------------+----------+---------------+-----------+-------+
[   42.142576] cloud-init[952]: ci-info: +++++++++++++++++++Route IPv6 info+++++++++++++++++++
[   42.163304] cloud-init[952]: ci-info: +-------+-------------+---------+-----------+-------+
[   42.184858] cloud-init[952]: ci-info: | Route | Destination | Gateway | Interface | Flags |
[   42.208311] cloud-init[952]: ci-info: +-------+-------------+---------+-----------+-------+
[   42.234952] cloud-init[952]: ci-info: |   0   |  fe80::/64  |    ::   |   enp0s3  |   U   |
[   42.263398] cloud-init[952]: ci-info: |   3   |   ff00::/8  |    ::   |   enp0s3  |   U   |
[[0;32m  OK  [0m] [   42.285885] cloud-init[952]: ci-info: +-------+-------------+---------+-----------+-------+
[   42.295630] cloud-init[952]: Generating public/private rsa key pair.
[   42.314245] cloud-init[952]: Your identification has been saved in /etc/ssh/ssh_host_rsa_key.
[   42.324741] cloud-init[952]: Your public key has been saved in /etc/ssh/ssh_host_rsa_key.pub.
[   42.326596] cloud-init[952]: The key fingerprint is:
[   42.359615] cloud-init[952]: SHA256:sjWvB+srGA+RUJ8F4Se/JER5L0NehpQvwvLvZCHu3bQ root@ubuntu-xenial
[   42.360470] cloud-init[952]: The key's randomart image is:
[   42.381897] cloud-init[952]: +---[RSA 2048]----+
[   42.383399] cloud-init[952]: |   .. +=oo       |
[   42.395923] cloud-init[952]: |  .  +.o= o      |
[   42.403592] cloud-init[952]: |   . o*+.=       |
[   42.412385] cloud-init[952]: |    +.o+= o      |
[   42.417670] cloud-init[952]: |     ++.S+       |
[   42.428636] cloud-init[952]: |    o..B.=       |
[   42.433708] cloud-init[952]: |     =o.+oo      |
[   42.444840] cloud-init[952]: |    ..o+o+..     |
[   42.451179] cloud-init[952]: |      .+*oE      |
[   42.461769] cloud-init[952]: +----[SHA256]-----+
[   42.467780] cloud-init[952]: Generating public/private dsa key pair.
[   42.478167] cloud-init[952]: Your identification has been saved in /etc/ssh/ssh_host_dsa_key.
[   42.489494] cloud-init[952]: Your public key has been saved in /etc/ssh/ssh_host_dsa_key.pub.
[   42.505926] cloud-init[952]: The key fingerprint is:
[   42.518789] cloud-init[952]: SHA256:1WKckXmBfCXEVviOBVlipHUokACsbNd+6pXKWHQvyzw root@ubuntu-xenial
[   42.525046] cloud-init[952]: The key's randomart image is:
[   42.543693] cloud-init[952]: +---[DSA 1024]----+
[   42.549650] cloud-init[952]: |   ......+.BOO=  |
[   42.565373] cloud-init[952]: |    .   ..*BX+   |
[   42.565937] cloud-init[952]: | . . .    B=.o   |
[   42.575946] cloud-init[952]: |  + . .  o .  o  |
[   42.581884] cloud-init[952]: | . . .. S    +   |
[   42.586789] cloud-init[952]: |     ....o  . .  |
[   42.599992] cloud-init[952]: |      .o+ .      |
[   42.600287] cloud-init[952]: |     +.=Eo       |
[   42.617472] cloud-init[952]: |    ..+ +.       |
[   42.617697] cloud-init[952]: +----[SHA256]-----+
[   42.632222] cloud-init[952]: Generating public/private ecdsa key pair.
[   42.638451] cloud-init[952]: Your identification has been saved in /etc/ssh/ssh_host_ecdsa_key.
[   42.652543] cloud-init[952]: Your public key has been saved in /etc/ssh/ssh_host_ecdsa_key.pub.
[   42.668781] cloud-init[952]: The key fingerprint is:
[   42.682210] cloud-init[952]: SHA256:uLY7vBvgxX4mVc24qYqRN2C5oSuHdkUJqiiKy+HVDk8 root@ubuntu-xenial
[   42.688789] cloud-init[952]: The key's randomart image is:
[   42.707932] cloud-init[952]: +---[ECDSA 256]---+
[   42.713896] cloud-init[952]: |                 |
[   42.725160] cloud-init[952]: |   .       +     |
[   42.727556] cloud-init[952]: |  . . .   o o    |
[   42.740938] cloud-init[952]: | .   = . . o     |
[   42.746723] cloud-init[952]: |o   B + S o      |
[   42.756979] cloud-init[952]: |+  +.X o .       |
[   42.762838] cloud-init[952]: |+o.o*EO +        |
[   42.772316] cloud-init[952]: |B.+o==oO         |
[   42.778230] cloud-init[952]: |o*o .o*=         |
[   42.788685] cloud-init[952]: +----[SHA256]-----+
[   42.794603] cloud-init[952]: Generating public/private ed25519 key pair.
[   42.805113] cloud-init[952]: Your identification has been saved in /etc/ssh/ssh_host_ed25519_key.
[   42.818952] cloud-init[952]: Your public key has been saved in /etc/ssh/ssh_host_ed25519_key.pub.
[   42.835407] cloud-init[952]: The key fingerprint is:
[   42.850973] cloud-init[952]: SHA256:LTv211APEwNKlrZJZeMw8LjQSXBIHg6TyoHjgIMxJ+A root@ubuntu-xenial
[   42.855600] cloud-init[952]: The key's randomart image is:
[   42.874769] cloud-init[952]: +--[ED25519 256]--+
[   42.879442] cloud-init[952]: |Oo. oo+o+.=o=.   |
[   42.890068] cloud-init[952]: |O+. .=.= *+* .o  |
[   42.895923] cloud-init[952]: |oE o  + +ooo.  o |
[   42.908196] cloud-init[952]: | .o    . oo   +  |
[   42.912510] cloud-init[952]: |        S .  . + |
[   42.919410] cloud-init[952]: |         o  .   .|
[   42.930260] cloud-init[952]: |        +    o   |
[   42.935999] cloud-init[952]: |       . o  . .  |
[   42.946517] cloud-init[952]: |          ..     |
[   42.954271] cloud-init[952]: +----[SHA256]-----+
Started Initial cloud-init job (metadata service crawler).
[[0;32m  OK  [0m] Reached target Network is Online.
         Starting iSCSI initiator daemon (iscsid)...
[[0;32m  OK  [0m] Reached target System Initialization.
[[0;32m  OK  [0m] Listening on UUID daemon activation socket.
[[0;32m  OK  [0m] Listening on D-Bus System Message Bus Socket.
[[0;32m  OK  [0m] Listening on ACPID Listen Socket.
         Starting LXD - unix socket.
[[0;32m  OK  [0m] Started Message of the Day.
[[0;32m  OK  [0m] Started Daily apt download activities.
[[0;32m  OK  [0m] Started ACPI Events Check.
[[0;32m  OK  [0m] Reached target Paths.
[[0;32m  OK  [0m] Started Daily Cleanup of Temporary Directories.
[[0;32m  OK  [0m] Started Ubuntu Advantage update messaging.
[[0;32m  OK  [0m] Started Daily apt upgrade and clean activities.
[[0;32m  OK  [0m] Reached target Timers.
         Starting Socket activation for snappy daemon.
[[0;32m  OK  [0m] Reached target Cloud-config availability.
[[0;32m  OK  [0m] Listening on LXD - unix socket.
[[0;32m  OK  [0m] Listening on Socket activation for snappy daemon.
[[0;32m  OK  [0m] Started iSCSI initiator daemon (iscsid).
         Starting Login to default iSCSI targets...
[[0;32m  OK  [0m] Reached target Sockets.
[[0;32m  OK  [0m] Reached target Basic System.
         Starting LSB: Record successful boot for GRUB...
[[0;32m  OK  [0m] Started D-Bus System Message Bus.
         Starting Accounts Service...
         Starting LSB: MD monitoring daemon...
         Starting LXD - container startup/shutdown...
         Starting /etc/rc.local Compatibility...
         Starting System Logging Service...
         Starting Login Service...
[[0;32m  OK  [0m] Started Regular background program processing daemon.
         Starting Pollinate to seed the pseudo random number generator...
         Starting Virtualbox guest utils...
[[0;32m  OK  [0m] Started FUSE filesystem for LXC.
[[0;32m  OK  [0m] Started ACPI event daemon.
[[0;32m  OK  [0m] Started Deferred execution scheduler.
         Starting Snap Daemon...
[[0;32m  OK  [0m] Started System Logging Service.
[[0;32m  OK  [0m] Started /etc/rc.local Compatibility.
[[0;32m  OK  [0m] Started LXD - container startup/shutdown.
[[0;32m  OK  [0m] Started Login Service.
[[0;32m  OK  [0m] Started Unattended Upgrades Shutdown.
         Starting Authenticate and Authorize Users to Run Privileged Tasks...
[[0;32m  OK  [0m] Started Login to default iSCSI targets.
[[0;32m  OK  [0m] Reached target Remote File Systems (Pre).
[[0;32m  OK  [0m] Reached target Remote File Systems.
         Starting LSB: daemon to balance interrupts for SMP systems...
         Starting LSB: Set the CPU Frequency Scaling governor to "ondemand"...
         Starting Permit User Sessions...
         Starting LSB: automatic crash report generation...
[[0;32m  OK  [0m] Started LSB: Record successful boot for GRUB.
[[0;32m  OK  [0m] Started LSB: MD monitoring daemon.
[[0;32m  OK  [0m] Started Permit User Sessions.
[[0;32m  OK  [0m] Started Authenticate and Authorize Users to Run Privileged Tasks.
[[0;32m  OK  [0m] Started Accounts Service.
         Starting Terminate Plymouth Boot Screen...
         Starting Hold until boot process finishes up...
[[0;32m  OK  [0m] Started Terminate Plymouth Boot Screen.
[[0;32m  OK  [0m] Started Hold until boot process finishes up.
[[0;32m  OK  [0m] Started Serial Getty on ttyS0.
         Starting Set console scheme...
[[0;32m  OK  [0m] Started Getty on tty1.
[[0;32m  OK  [0m] Reached target Login Prompts.
[[0;32m  OK  [0m] Started Virtualbox guest utils.
[[0;32m  OK  [0m] Started LSB: daemon to balance interrupts for SMP systems.
[[0;32m  OK  [0m] Started LSB: Set the CPU Frequency Scaling governor to "ondemand".
[[0;32m  OK  [0m] Started LSB: automatic crash report generation.
[[0;32m  OK  [0m] Started Set console scheme.
[[0;32m  OK  [0m] Started Snap Daemon.
         Starting Wait until snapd is fully seeded...
[[0;32m  OK  [0m] Started Pollinate to seed the pseudo random number generator.
         Starting OpenBSD Secure Shell server...
[[0;32m  OK  [0m] Started OpenBSD Secure Shell server.
[[0;32m  OK  [0m] Created slice User Slice of vagrant.
         Starting User Manager for UID 1000...
[[0;32m  OK  [0m] Started Session 1 of user vagrant.
[[0;32m  OK  [0m] Started User Manager for UID 1000.
[[0;32m  OK  [0m] Started Wait until snapd is fully seeded.
         Starting Apply the settings specified in cloud-config...
[[0;32m  OK  [0m] Reached target Multi-User System.
[[0;32m  OK  [0m] Reached target Graphical Interface.
         Starting Update UTMP about System Runlevel Changes...
[[0;32m  OK  [0m] Started Update UTMP about System Runlevel Changes.
[   48.929673] cloud-init[1390]: Generating locales (this might take a while)...
[   51.164322] cloud-init[1390]:   en_US.UTF-8... done
[   51.166283] cloud-init[1390]: Generation complete.

Ubuntu 16.04.7 LTS ubuntu-xenial ttyS0

ubuntu-xenial login: [   52.282963] cloud-init[1390]: Cloud-init v. 21.1-19-gbad84ad4-0ubuntu1~16.04.2 running 'modules:config' at Tue, 24 May 2022 10:22:24 +0000. Up 48.50 seconds.
ci-info: no authorized SSH keys fingerprints found for user ubuntu.
<14>May 24 10:22:29 ec2: 
<14>May 24 10:22:29 ec2: #############################################################
<14>May 24 10:22:29 ec2: -----BEGIN SSH HOST KEY FINGERPRINTS-----
<14>May 24 10:22:29 ec2: 1024 SHA256:1WKckXmBfCXEVviOBVlipHUokACsbNd+6pXKWHQvyzw root@ubuntu-xenial (DSA)
<14>May 24 10:22:29 ec2: 256 SHA256:uLY7vBvgxX4mVc24qYqRN2C5oSuHdkUJqiiKy+HVDk8 root@ubuntu-xenial (ECDSA)
<14>May 24 10:22:29 ec2: 256 SHA256:LTv211APEwNKlrZJZeMw8LjQSXBIHg6TyoHjgIMxJ+A root@ubuntu-xenial (ED25519)
<14>May 24 10:22:29 ec2: 2048 SHA256:sjWvB+srGA+RUJ8F4Se/JER5L0NehpQvwvLvZCHu3bQ root@ubuntu-xenial (RSA)
<14>May 24 10:22:29 ec2: -----END SSH HOST KEY FINGERPRINTS-----
<14>May 24 10:22:29 ec2: #############################################################
-----BEGIN SSH HOST KEY KEYS-----
ecdsa-sha2-nistp256 AAAAE2VjZHNhLXNoYTItbmlzdHAyNTYAAAAIbmlzdHAyNTYAAABBBCd/ZMZZBcoYadcQNXpYkesvAPJOxbFORVDk/rHfEQLRD2kKhS4ftKXP20q+iIOvC4jeQEpx1IPNT8zE/mX8wAY= root@ubuntu-xenial
ssh-ed25519 AAAAC3NzaC1lZDI1NTE5AAAAIFSjEY6O84mOHhk6KIxnTEAKAeSpiX5yRd+VWD3lLQKU root@ubuntu-xenial
ssh-rsa AAAAB3NzaC1yc2EAAAADAQABAAABAQDJN/YdLSoWPLagMmkkSzdG63mYbMcbyWChNTDQ8qHmbBqpm/V8cu9DTh2zG6kAMCzojikotANoc/TiJHUkFp27LJQ07yRuKdOQRxKREdJTDRzdoYixGBQ8TQitIESxQTMAWRo/rVV7KeFk4ZrkO42zmZJn4RjqpAvJ6oI2i8PethjSaTgBpNOoV1jDw8j+KpR1aXyR1VKQMvXAXU7YcZP+Bf6eMl+bKtTx3jyN82pfnAifcFSLJ0BVqQ0mjCdEjl/zpHiIkr25kytkuS6mlinzLBWen5TVDGOOPAf/idMxxyUCJZYb/dljnip1mlExmrfuTnDkkHGSbAB57M0qe3kF root@ubuntu-xenial
-----END SSH HOST KEY KEYS-----
[   54.028868] cloud-init[1594]: Cloud-init v. 21.1-19-gbad84ad4-0ubuntu1~16.04.2 running 'modules:final' at Tue, 24 May 2022 10:22:29 +0000. Up 53.50 seconds.
[   54.029610] cloud-init[1594]: ci-info: no authorized SSH keys fingerprints found for user ubuntu.
[   54.045396] cloud-init[1594]: Cloud-init v. 21.1-19-gbad84ad4-0ubuntu1~16.04.2 finished at Tue, 24 May 2022 10:22:29 +0000. Datasource DataSourceNoCloud [seed=/dev/sdb][dsmode=net].  Up 54.00 seconds
